Archive member included to satisfy reference by file (symbol)

c:/st/stm32cubeide_1.7.0/stm32cubeide/plugins/com.st.stm32cube.ide.mcu.externaltools.gnu-tools-for-stm32.9-2020-q2-update.win32_2.0.0.202105311346/tools/bin/../lib/gcc/arm-none-eabi/9.3.1/../../../../arm-none-eabi/lib/thumb/v7-m/nofp\libc_nano.a(lib_a-errno.o)
                              build/syscalls.o (__errno)
c:/st/stm32cubeide_1.7.0/stm32cubeide/plugins/com.st.stm32cube.ide.mcu.externaltools.gnu-tools-for-stm32.9-2020-q2-update.win32_2.0.0.202105311346/tools/bin/../lib/gcc/arm-none-eabi/9.3.1/../../../../arm-none-eabi/lib/thumb/v7-m/nofp\libc_nano.a(lib_a-exit.o)
                              c:/st/stm32cubeide_1.7.0/stm32cubeide/plugins/com.st.stm32cube.ide.mcu.externaltools.gnu-tools-for-stm32.9-2020-q2-update.win32_2.0.0.202105311346/tools/bin/../lib/gcc/arm-none-eabi/9.3.1/../../../../arm-none-eabi/lib/thumb/v7-m/nofp/crt0.o (exit)
c:/st/stm32cubeide_1.7.0/stm32cubeide/plugins/com.st.stm32cube.ide.mcu.externaltools.gnu-tools-for-stm32.9-2020-q2-update.win32_2.0.0.202105311346/tools/bin/../lib/gcc/arm-none-eabi/9.3.1/../../../../arm-none-eabi/lib/thumb/v7-m/nofp\libc_nano.a(lib_a-impure.o)
                              c:/st/stm32cubeide_1.7.0/stm32cubeide/plugins/com.st.stm32cube.ide.mcu.externaltools.gnu-tools-for-stm32.9-2020-q2-update.win32_2.0.0.202105311346/tools/bin/../lib/gcc/arm-none-eabi/9.3.1/../../../../arm-none-eabi/lib/thumb/v7-m/nofp\libc_nano.a(lib_a-exit.o) (_global_impure_ptr)
c:/st/stm32cubeide_1.7.0/stm32cubeide/plugins/com.st.stm32cube.ide.mcu.externaltools.gnu-tools-for-stm32.9-2020-q2-update.win32_2.0.0.202105311346/tools/bin/../lib/gcc/arm-none-eabi/9.3.1/../../../../arm-none-eabi/lib/thumb/v7-m/nofp\libc_nano.a(lib_a-init.o)
                              c:/st/stm32cubeide_1.7.0/stm32cubeide/plugins/com.st.stm32cube.ide.mcu.externaltools.gnu-tools-for-stm32.9-2020-q2-update.win32_2.0.0.202105311346/tools/bin/../lib/gcc/arm-none-eabi/9.3.1/../../../../arm-none-eabi/lib/thumb/v7-m/nofp/crt0.o (__libc_init_array)
c:/st/stm32cubeide_1.7.0/stm32cubeide/plugins/com.st.stm32cube.ide.mcu.externaltools.gnu-tools-for-stm32.9-2020-q2-update.win32_2.0.0.202105311346/tools/bin/../lib/gcc/arm-none-eabi/9.3.1/../../../../arm-none-eabi/lib/thumb/v7-m/nofp\libc_nano.a(lib_a-memset.o)
                              c:/st/stm32cubeide_1.7.0/stm32cubeide/plugins/com.st.stm32cube.ide.mcu.externaltools.gnu-tools-for-stm32.9-2020-q2-update.win32_2.0.0.202105311346/tools/bin/../lib/gcc/arm-none-eabi/9.3.1/../../../../arm-none-eabi/lib/thumb/v7-m/nofp/crt0.o (memset)
c:/st/stm32cubeide_1.7.0/stm32cubeide/plugins/com.st.stm32cube.ide.mcu.externaltools.gnu-tools-for-stm32.9-2020-q2-update.win32_2.0.0.202105311346/tools/bin/../lib/gcc/arm-none-eabi/9.3.1/../../../../arm-none-eabi/lib/thumb/v7-m/nofp\libc_nano.a(lib_a-sprintf.o)
                              build/main.o (sprintf)
c:/st/stm32cubeide_1.7.0/stm32cubeide/plugins/com.st.stm32cube.ide.mcu.externaltools.gnu-tools-for-stm32.9-2020-q2-update.win32_2.0.0.202105311346/tools/bin/../lib/gcc/arm-none-eabi/9.3.1/../../../../arm-none-eabi/lib/thumb/v7-m/nofp\libc_nano.a(lib_a-nano-svfprintf.o)
                              c:/st/stm32cubeide_1.7.0/stm32cubeide/plugins/com.st.stm32cube.ide.mcu.externaltools.gnu-tools-for-stm32.9-2020-q2-update.win32_2.0.0.202105311346/tools/bin/../lib/gcc/arm-none-eabi/9.3.1/../../../../arm-none-eabi/lib/thumb/v7-m/nofp\libc_nano.a(lib_a-sprintf.o) (_svfprintf_r)
c:/st/stm32cubeide_1.7.0/stm32cubeide/plugins/com.st.stm32cube.ide.mcu.externaltools.gnu-tools-for-stm32.9-2020-q2-update.win32_2.0.0.202105311346/tools/bin/../lib/gcc/arm-none-eabi/9.3.1/../../../../arm-none-eabi/lib/thumb/v7-m/nofp\libc_nano.a(lib_a-nano-vfprintf_i.o)
                              c:/st/stm32cubeide_1.7.0/stm32cubeide/plugins/com.st.stm32cube.ide.mcu.externaltools.gnu-tools-for-stm32.9-2020-q2-update.win32_2.0.0.202105311346/tools/bin/../lib/gcc/arm-none-eabi/9.3.1/../../../../arm-none-eabi/lib/thumb/v7-m/nofp\libc_nano.a(lib_a-nano-svfprintf.o) (_printf_i)
c:/st/stm32cubeide_1.7.0/stm32cubeide/plugins/com.st.stm32cube.ide.mcu.externaltools.gnu-tools-for-stm32.9-2020-q2-update.win32_2.0.0.202105311346/tools/bin/../lib/gcc/arm-none-eabi/9.3.1/../../../../arm-none-eabi/lib/thumb/v7-m/nofp\libc_nano.a(lib_a-memchr-stub.o)
                              c:/st/stm32cubeide_1.7.0/stm32cubeide/plugins/com.st.stm32cube.ide.mcu.externaltools.gnu-tools-for-stm32.9-2020-q2-update.win32_2.0.0.202105311346/tools/bin/../lib/gcc/arm-none-eabi/9.3.1/../../../../arm-none-eabi/lib/thumb/v7-m/nofp\libc_nano.a(lib_a-nano-svfprintf.o) (memchr)
c:/st/stm32cubeide_1.7.0/stm32cubeide/plugins/com.st.stm32cube.ide.mcu.externaltools.gnu-tools-for-stm32.9-2020-q2-update.win32_2.0.0.202105311346/tools/bin/../lib/gcc/arm-none-eabi/9.3.1/../../../../arm-none-eabi/lib/thumb/v7-m/nofp\libc_nano.a(lib_a-memcpy-stub.o)
[...]
Memory Configuration

Name             Origin             Length             Attributes
RAM              0x0000000020000000 0x0000000000002800 xrw
FLASH            0x0000000008000000 0x0000000000008000 xr
*default*        0x0000000000000000 0xffffffffffffffff

Linker script and memory map

LOAD c:/st/stm32cubeide_1.7.0/stm32cubeide/plugins/com.st.stm32cube.ide.mcu.externaltools.gnu-tools-for-stm32.9-2020-q2-update.win32_2.0.0.202105311346/tools/bin/../lib/gcc/arm-none-eabi/9.3.1/thumb/v7-m/nofp/crti.o
LOAD c:/st/stm32cubeide_1.7.0/stm32cubeide/plugins/com.st.stm32cube.ide.mcu.externaltools.gnu-tools-for-stm32.9-2020-q2-update.win32_2.0.0.202105311346/tools/bin/../lib/gcc/arm-none-eabi/9.3.1/thumb/v7-m/nofp/crtbegin.o
LOAD c:/st/stm32cubeide_1.7.0/stm32cubeide/plugins/com.st.stm32cube.ide.mcu.externaltools.gnu-tools-for-stm32.9-2020-q2-update.win32_2.0.0.202105311346/tools/bin/../lib/gcc/arm-none-eabi/9.3.1/../../../../arm-none-eabi/lib/thumb/v7-m/nofp/crt0.o
LOAD build/button.o
LOAD build/fsm_automatic.o
LOAD build/fsm_manual.o
LOAD build/global.o
LOAD build/main.o
LOAD build/software_timer.o
LOAD build/stm32f1xx_hal_msp.o
LOAD build/stm32f1xx_it.o
LOAD build/syscalls.o
LOAD build/sysmem.o
LOAD build/system_stm32f1xx.o
LOAD build/stm32f1xx_hal.o
LOAD build/stm32f1xx_hal_cortex.o
LOAD build/stm32f1xx_hal_dma.o
LOAD build/stm32f1xx_hal_exti.o
LOAD build/stm32f1xx_hal_flash.o
LOAD build/stm32f1xx_hal_flash_ex.o
LOAD build/stm32f1xx_hal_gpio.o
LOAD build/stm32f1xx_hal_gpio_ex.o
LOAD build/stm32f1xx_hal_pwr.o
LOAD build/stm32f1xx_hal_rcc.o
LOAD build/stm32f1xx_hal_rcc_ex.o
LOAD build/stm32f1xx_hal_tim.o
LOAD build/stm32f1xx_hal_tim_ex.o
LOAD build/stm32f1xx_hal_uart.o
LOAD build/startup_stm32f103c6ux.o
LOAD c:/st/stm32cubeide_1.7.0/stm32cubeide/plugins/com.st.stm32cube.ide.mcu.externaltools.gnu-tools-for-stm32.9-2020-q2-update.win32_2.0.0.202105311346/tools/bin/../lib/gcc/arm-none-eabi/9.3.1/../../../../arm-none-eabi/lib/thumb/v7-m/nofp\libc_nano.a
LOAD c:/st/stm32cubeide_1.7.0/stm32cubeide/plugins/com.st.stm32cube.ide.mcu.externaltools.gnu-tools-for-stm32.9-2020-q2-update.win32_2.0.0.202105311346/tools/bin/../lib/gcc/arm-none-eabi/9.3.1/../../../../arm-none-eabi/lib/thumb/v7-m/nofp\libm.a
LOAD c:/st/stm32cubeide_1.7.0/stm32cubeide/plugins/com.st.stm32cube.ide.mcu.externaltools.gnu-tools-for-stm32.9-2020-q2-update.win32_2.0.0.202105311346/tools/bin/../lib/gcc/arm-none-eabi/9.3.1/../../../../arm-none-eabi/lib/thumb/v7-m/nofp\libnosys.a
START GROUP
LOAD c:/st/stm32cubeide_1.7.0/stm32cubeide/plugins/com.st.stm32cube.ide.mcu.externaltools.gnu-tools-for-stm32.9-2020-q2-update.win32_2.0.0.202105311346/tools/bin/../lib/gcc/arm-none-eabi/9.3.1/thumb/v7-m/nofp\libgcc.a
LOAD c:/st/stm32cubeide_1.7.0/stm32cubeide/plugins/com.st.stm32cube.ide.mcu.externaltools.gnu-tools-for-stm32.9-2020-q2-update.win32_2.0.0.202105311346/tools/bin/../lib/gcc/arm-none-eabi/9.3.1/../../../../arm-none-eabi/lib/thumb/v7-m/nofp\libc_nano.a
END GROUP
START GROUP
LOAD c:/st/stm32cubeide_1.7.0/stm32cubeide/plugins/com.st.stm32cube.ide.mcu.externaltools.gnu-tools-for-stm32.9-2020-q2-update.win32_2.0.0.202105311346/tools/bin/../lib/gcc/arm-none-eabi/9.3.1/thumb/v7-m/nofp\libgcc.a
LOAD c:/st/stm32cubeide_1.7.0/stm32cubeide/plugins/com.st.stm32cube.ide.mcu.externaltools.gnu-tools-for-stm32.9-2020-q2-update.win32_2.0.0.202105311346/tools/bin/../lib/gcc/arm-none-eabi/9.3.1/../../../../arm-none-eabi/lib/thumb/v7-m/nofp\libc_nano.a
END GROUP
LOAD c:/st/stm32cubeide_1.7.0/stm32cubeide/plugins/com.st.stm32cube.ide.mcu.externaltools.gnu-tools-for-stm32.9-2020-q2-update.win32_2.0.0.202105311346/tools/bin/../lib/gcc/arm-none-eabi/9.3.1/thumb/v7-m/nofp/crtend.o
LOAD c:/st/stm32cubeide_1.7.0/stm32cubeide/plugins/com.st.stm32cube.ide.mcu.externaltools.gnu-tools-for-stm32.9-2020-q2-update.win32_2.0.0.202105311346/tools/bin/../lib/gcc/arm-none-eabi/9.3.1/thumb/v7-m/nofp/crtn.o
                0x0000000020002800                _estack = (ORIGIN (RAM) + LENGTH (RAM))
                0x0000000000000200                _Min_Heap_Size = 0x200
                0x0000000000000400                _Min_Stack_Size = 0x400

.isr_vector     0x0000000008000000      0x10c
                0x0000000008000000                . = ALIGN (0x4)
 *(.isr_vector)
 .isr_vector    0x0000000008000000      0x10c build/startup_stm32f103c6ux.o
                0x0000000008000000                g_pfnVectors
                0x000000000800010c                . = ALIGN (0x4)

.text           0x000000000800010c     0x3188
                0x000000000800010c                . = ALIGN (0x4)
 *(.text)
 .text          0x000000000800010c       0x40 c:/st/stm32cubeide_1.7.0/stm32cubeide/plugins/com.st.stm32cube.ide.mcu.externaltools.gnu-tools-for-stm32.9-2020-q2-update.win32_2.0.0.202105311346/tools/bin/../lib/gcc/arm-none-eabi/9.3.1/thumb/v7-m/nofp/crtbegin.o
 *(.text*)
 .text.subKeyProcess
                0x000000000800014c       0x20 build/button.o
                0x000000000800014c                subKeyProcess
 .text.getKeyInput
                0x000000000800016c       0x9c build/button.o
                0x000000000800016c                getKeyInput
 .text.main     0x0000000008000208       0x8c build/main.o
                0x0000000008000208                main
 .text.SystemClock_Config
                0x0000000008000294       0x76 build/main.o
                0x0000000008000294                SystemClock_Config
 *fill*         0x000000000800030a        0x2 
 .text.MX_TIM2_Init
                0x000000000800030c       0x98 build/main.o
 .text.MX_USART2_UART_Init
                0x00000000080003a4       0x54 build/main.o
 .text.MX_GPIO_Init
                0x00000000080003f8       0xf8 build/main.o
 .text.HAL_TIM_PeriodElapsedCallback
                0x00000000080004f0       0x18 build/main.o
                0x00000000080004f0                HAL_TIM_PeriodElapsedCallback
 .text.Error_Handler
                0x0000000008000508        0xa build/main.o
                0x0000000008000508                Error_Handler
 *fill*         0x0000000008000512        0x2 
 .text.setTimer1
                0x0000000008000514       0x38 build/software_timer.o
                0x0000000008000514                setTimer1
 .text.timerRun
                0x000000000800054c       0x5c build/software_timer.o
                0x000000000800054c                timerRun
 .text.HAL_MspInit
                0x00000000080005a8       0x64 build/stm32f1xx_hal_msp.o
                0x00000000080005a8                HAL_MspInit
 .text.HAL_TIM_Base_MspInit
                0x000000000800060c       0x48 build/stm32f1xx_hal_msp.o
                0x000000000800060c                HAL_TIM_Base_MspInit
 .text.HAL_UART_MspInit
                0x0000000008000654       0xa4 build/stm32f1xx_hal_msp.o
                0x0000000008000654                HAL_UART_MspInit
 .text.NMI_Handler
                0x00000000080006f8        0x6 build/stm32f1xx_it.o
                0x00000000080006f8                NMI_Handler
 .text.HardFault_Handler
                0x00000000080006fe        0x6 build/stm32f1xx_it.o
                0x00000000080006fe                HardFault_Handler
 .text.MemManage_Handler
                0x0000000008000704        0x6 build/stm32f1xx_it.o
                0x0000000008000704                MemManage_Handler
 .text.BusFault_Handler
                0x000000000800070a        0x6 build/stm32f1xx_it.o
                0x000000000800070a                BusFault_Handler
 .text.UsageFault_Handler
                0x0000000008000710        0x6 build/stm32f1xx_it.o
                0x0000000008000710                UsageFault_Handler
 .text.SVC_Handler
                0x0000000008000716        0xc build/stm32f1xx_it.o
                0x0000000008000716                SVC_Handler
 .text.DebugMon_Handler
                0x0000000008000722        0xc build/stm32f1xx_it.o
                0x0000000008000722                DebugMon_Handler
 .text.PendSV_Handler
                0x000000000800072e        0xc build/stm32f1xx_it.o
                0x000000000800072e                PendSV_Handler
 .text.SysTick_Handler
                0x000000000800073a        0xc build/stm32f1xx_it.o
                0x000000000800073a                SysTick_Handler
 *fill*         0x0000000008000746        0x2 
 .text.TIM2_IRQHandler
                0x0000000008000748       0x14 build/stm32f1xx_it.o
                0x0000000008000748                TIM2_IRQHandler
 .text.USART2_IRQHandler
                0x000000000800075c       0x14 build/stm32f1xx_it.o
                0x000000000800075c                USART2_IRQHandler
 .text._sbrk    0x0000000008000770       0x6c build/sysmem.o
                0x0000000008000770                _sbrk
 .text.SystemInit
                0x00000000080007dc        0xc build/system_stm32f1xx.o
                0x00000000080007dc                SystemInit
 .text.HAL_Init
                0x00000000080007e8       0x2c build/stm32f1xx_hal.o
                0x00000000080007e8                HAL_Init
 .text.HAL_InitTick
                0x0000000008000814       0x60 build/stm32f1xx_hal.o
                0x0000000008000814                HAL_InitTick
 .text.HAL_IncTick
                0x0000000008000874       0x24 build/stm32f1xx_hal.o
                0x0000000008000874                HAL_IncTick
 .text.HAL_GetTick
                0x0000000008000898       0x14 build/stm32f1xx_hal.o
                0x0000000008000898                HAL_GetTick
 .text.__NVIC_SetPriorityGrouping
                0x00000000080008ac       0x48 build/stm32f1xx_hal_cortex.o
 .text.__NVIC_GetPriorityGrouping
                0x00000000080008f4       0x1c build/stm32f1xx_hal_cortex.o
 .text.__NVIC_EnableIRQ
                0x0000000008000910       0x38 build/stm32f1xx_hal_cortex.o
 .text.__NVIC_SetPriority
                0x0000000008000948       0x54 build/stm32f1xx_hal_cortex.o
 .text.NVIC_EncodePriority
                0x000000000800099c       0x64 build/stm32f1xx_hal_cortex.o
 .text.SysTick_Config
                0x0000000008000a00       0x44 build/stm32f1xx_hal_cortex.o
 .text.HAL_NVIC_SetPriorityGrouping
                0x0000000008000a44       0x16 build/stm32f1xx_hal_cortex.o
                0x0000000008000a44                HAL_NVIC_SetPriorityGrouping
 .text.HAL_NVIC_SetPriority
                0x0000000008000a5a       0x38 build/stm32f1xx_hal_cortex.o
                0x0000000008000a5a                HAL_NVIC_SetPriority
 .text.HAL_NVIC_EnableIRQ
                0x0000000008000a92       0x1c build/stm32f1xx_hal_cortex.o
                0x0000000008000a92                HAL_NVIC_EnableIRQ
 .text.HAL_SYSTICK_Config
                0x0000000008000aae       0x18 build/stm32f1xx_hal_cortex.o
                0x0000000008000aae                HAL_SYSTICK_Config
 .text.HAL_DMA_Abort
                0x0000000008000ac6       0x74 build/stm32f1xx_hal_dma.o
                0x0000000008000ac6                HAL_DMA_Abort
 *fill*         0x0000000008000b3a        0x2 
 .text.HAL_DMA_Abort_IT
                0x0000000008000b3c       0xec build/stm32f1xx_hal_dma.o
                0x0000000008000b3c                HAL_DMA_Abort_IT
 .text.HAL_GPIO_Init
                0x0000000008000c28      0x2f4 build/stm32f1xx_hal_gpio.o
                0x0000000008000c28                HAL_GPIO_Init
 .text.HAL_GPIO_ReadPin
                0x0000000008000f1c       0x2e build/stm32f1xx_hal_gpio.o
                0x0000000008000f1c                HAL_GPIO_ReadPin
 .text.HAL_GPIO_WritePin
                0x0000000008000f4a       0x30 build/stm32f1xx_hal_gpio.o
                0x0000000008000f4a                HAL_GPIO_WritePin
 .text.HAL_GPIO_TogglePin
                0x0000000008000f7a       0x32 build/stm32f1xx_hal_gpio.o
                0x0000000008000f7a                HAL_GPIO_TogglePin
 .text.HAL_RCC_OscConfig
                0x0000000008000fac      0x500 build/stm32f1xx_hal_rcc.o
                0x0000000008000fac                HAL_RCC_OscConfig
 .text.HAL_RCC_ClockConfig
                0x00000000080014ac      0x1d4 build/stm32f1xx_hal_rcc.o
                0x00000000080014ac                HAL_RCC_ClockConfig
 .text.HAL_RCC_GetSysClockFreq
                0x0000000008001680       0xc0 build/stm32f1xx_hal_rcc.o
                0x0000000008001680                HAL_RCC_GetSysClockFreq
 .text.HAL_RCC_GetHCLKFreq
                0x0000000008001740       0x14 build/stm32f1xx_hal_rcc.o
                0x0000000008001740                HAL_RCC_GetHCLKFreq
 .text.HAL_RCC_GetPCLK1Freq
                0x0000000008001754       0x28 build/stm32f1xx_hal_rcc.o
                0x0000000008001754                HAL_RCC_GetPCLK1Freq
 .text.HAL_RCC_GetPCLK2Freq
                0x000000000800177c       0x28 build/stm32f1xx_hal_rcc.o
                0x000000000800177c                HAL_RCC_GetPCLK2Freq
 .text.RCC_Delay
                0x00000000080017a4       0x3c build/stm32f1xx_hal_rcc.o
 .text.HAL_TIM_Base_Init
                0x00000000080017e0       0x9e build/stm32f1xx_hal_tim.o
                0x00000000080017e0                HAL_TIM_Base_Init
 *fill*         0x000000000800187e        0x2 
 .text.HAL_TIM_Base_Start_IT
                0x0000000008001880       0x98 build/stm32f1xx_hal_tim.o
                0x0000000008001880                HAL_TIM_Base_Start_IT
 .text.HAL_TIM_IRQHandler
                0x0000000008001918      0x210 build/stm32f1xx_hal_tim.o
                0x0000000008001918                HAL_TIM_IRQHandler
 .text.HAL_TIM_ConfigClockSource
                0x0000000008001b28      0x188 build/stm32f1xx_hal_tim.o
                0x0000000008001b28                HAL_TIM_ConfigClockSource
 .text.HAL_TIM_OC_DelayElapsedCallback
                0x0000000008001cb0       0x12 build/stm32f1xx_hal_tim.o
                0x0000000008001cb0                HAL_TIM_OC_DelayElapsedCallback
 .text.HAL_TIM_IC_CaptureCallback
                0x0000000008001cc2       0x12 build/stm32f1xx_hal_tim.o
                0x0000000008001cc2                HAL_TIM_IC_CaptureCallback
 .text.HAL_TIM_PWM_PulseFinishedCallback
                0x0000000008001cd4       0x12 build/stm32f1xx_hal_tim.o
                0x0000000008001cd4                HAL_TIM_PWM_PulseFinishedCallback
 .text.HAL_TIM_TriggerCallback
                0x0000000008001ce6       0x12 build/stm32f1xx_hal_tim.o
                0x0000000008001ce6                HAL_TIM_TriggerCallback
 .text.TIM_Base_SetConfig
                0x0000000008001cf8       0xb0 build/stm32f1xx_hal_tim.o
                0x0000000008001cf8                TIM_Base_SetConfig
 .text.TIM_TI1_ConfigInputStage
                0x0000000008001da8       0x5c build/stm32f1xx_hal_tim.o
 .text.TIM_TI2_ConfigInputStage
                0x0000000008001e04       0x5e build/stm32f1xx_hal_tim.o
 .text.TIM_ITRx_SetConfig
                0x0000000008001e62       0x34 build/stm32f1xx_hal_tim.o
 .text.TIM_ETR_SetConfig
                0x0000000008001e96       0x3e build/stm32f1xx_hal_tim.o
                0x0000000008001e96                TIM_ETR_SetConfig
 .text.HAL_TIMEx_MasterConfigSynchronization
                0x0000000008001ed4       0xb0 build/stm32f1xx_hal_tim_ex.o
                0x0000000008001ed4                HAL_TIMEx_MasterConfigSynchronization
 .text.HAL_TIMEx_CommutCallback
                0x0000000008001f84       0x12 build/stm32f1xx_hal_tim_ex.o
                0x0000000008001f84                HAL_TIMEx_CommutCallback
 .text.HAL_TIMEx_BreakCallback
                0x0000000008001f96       0x12 build/stm32f1xx_hal_tim_ex.o
                0x0000000008001f96                HAL_TIMEx_BreakCallback
 .text.HAL_UART_Init
                0x0000000008001fa8       0x9a build/stm32f1xx_hal_uart.o
                0x0000000008001fa8                HAL_UART_Init
 .text.HAL_UART_Transmit
                0x0000000008002042      0x124 build/stm32f1xx_hal_uart.o
                0x0000000008002042                HAL_UART_Transmit
 *fill*         0x0000000008002166        0x2 
 .text.HAL_UART_IRQHandler
                0x0000000008002168      0x354 build/stm32f1xx_hal_uart.o
                0x0000000008002168                HAL_UART_IRQHandler
 .text.HAL_UART_TxCpltCallback
                0x00000000080024bc       0x12 build/stm32f1xx_hal_uart.o
                0x00000000080024bc                HAL_UART_TxCpltCallback
 .text.HAL_UART_RxCpltCallback
                0x00000000080024ce       0x12 build/stm32f1xx_hal_uart.o
                0x00000000080024ce                HAL_UART_RxCpltCallback
 .text.HAL_UART_ErrorCallback
                0x00000000080024e0       0x12 build/stm32f1xx_hal_uart.o
                0x00000000080024e0                HAL_UART_ErrorCallback
 .text.HAL_UARTEx_RxEventCallback
                0x00000000080024f2       0x16 build/stm32f1xx_hal_uart.o
                0x00000000080024f2                HAL_UARTEx_RxEventCallback
 .text.UART_WaitOnFlagUntilTimeout
                0x0000000008002508       0x94 build/stm32f1xx_hal_uart.o
 .text.UART_EndRxTransfer
                0x000000000800259c       0x58 build/stm32f1xx_hal_uart.o
 .text.UART_DMAAbortOnError
                0x00000000080025f4       0x28 build/stm32f1xx_hal_uart.o
 .text.UART_Transmit_IT
                0x000000000800261c       0x9e build/stm32f1xx_hal_uart.o
 .text.UART_EndTransmit_IT
                0x00000000080026ba       0x30 build/stm32f1xx_hal_uart.o
 .text.UART_Receive_IT
                0x00000000080026ea      0x152 build/stm32f1xx_hal_uart.o
 .text.UART_SetConfig
                0x000000000800283c      0x11c build/stm32f1xx_hal_uart.o
 .text.Reset_Handler
                0x0000000008002958       0x48 build/startup_stm32f103c6ux.o
                0x0000000008002958                Reset_Handler
 .text.Default_Handler
                0x00000000080029a0        0x2 build/startup_stm32f103c6ux.o
                0x00000000080029a0                RTC_Alarm_IRQHandler
                0x00000000080029a0                EXTI2_IRQHandler
                0x00000000080029a0                TIM1_CC_IRQHandler
                0x00000000080029a0                PVD_IRQHandler
                0x00000000080029a0                EXTI3_IRQHandler
                0x00000000080029a0                EXTI0_IRQHandler
                0x00000000080029a0                ADC1_2_IRQHandler
                0x00000000080029a0                SPI1_IRQHandler
                0x00000000080029a0                TAMPER_IRQHandler
                0x00000000080029a0                DMA1_Channel4_IRQHandler
                0x00000000080029a0                RTC_IRQHandler
                0x00000000080029a0                DMA1_Channel7_IRQHandler
                0x00000000080029a0                CAN1_RX1_IRQHandler
                0x00000000080029a0                I2C1_EV_IRQHandler
                0x00000000080029a0                DMA1_Channel6_IRQHandler
                0x00000000080029a0                TIM3_IRQHandler
                0x00000000080029a0                RCC_IRQHandler
                0x00000000080029a0                TIM1_TRG_COM_IRQHandler
                0x00000000080029a0                DMA1_Channel1_IRQHandler
                0x00000000080029a0                Default_Handler
                0x00000000080029a0                EXTI15_10_IRQHandler
                0x00000000080029a0                EXTI9_5_IRQHandler
                0x00000000080029a0                DMA1_Channel5_IRQHandler
                0x00000000080029a0                EXTI4_IRQHandler
                0x00000000080029a0                USB_LP_CAN1_RX0_IRQHandler
                0x00000000080029a0                USB_HP_CAN1_TX_IRQHandler
                0x00000000080029a0                DMA1_Channel3_IRQHandler
                0x00000000080029a0                TIM1_UP_IRQHandler
                0x00000000080029a0                WWDG_IRQHandler
                0x00000000080029a0                TIM1_BRK_IRQHandler
                0x00000000080029a0                EXTI1_IRQHandler
                0x00000000080029a0                DMA1_Channel2_IRQHandler
                0x00000000080029a0                CAN1_SCE_IRQHandler
                0x00000000080029a0                FLASH_IRQHandler
                0x00000000080029a0                USART1_IRQHandler
                0x00000000080029a0                I2C1_ER_IRQHandler
                0x00000000080029a0                USBWakeUp_IRQHandler
 *fill*         0x00000000080029a2        0x2 
 .text.__errno  0x00000000080029a4        0xc c:/st/stm32cubeide_1.7.0/stm32cubeide/plugins/com.st.stm32cube.ide.mcu.externaltools.gnu-tools-for-stm32.9-2020-q2-update.win32_2.0.0.202105311346/tools/bin/../lib/gcc/arm-none-eabi/9.3.1/../../../../arm-none-eabi/lib/thumb/v7-m/nofp\libc_nano.a(lib_a-errno.o)
                0x00000000080029a4                __errno
 .text.__libc_init_array
                0x00000000080029b0       0x48 c:/st/stm32cubeide_1.7.0/stm32cubeide/plugins/com.st.stm32cube.ide.mcu.externaltools.gnu-tools-for-stm32.9-2020-q2-update.win32_2.0.0.202105311346/tools/bin/../lib/gcc/arm-none-eabi/9.3.1/../../../../arm-none-eabi/lib/thumb/v7-m/nofp\libc_nano.a(lib_a-init.o)
                0x00000000080029b0                __libc_init_array
 .text.memset   0x00000000080029f8       0x10 c:/st/stm32cubeide_1.7.0/stm32cubeide/plugins/com.st.stm32cube.ide.mcu.externaltools.gnu-tools-for-stm32.9-2020-q2-update.win32_2.0.0.202105311346/tools/bin/../lib/gcc/arm-none-eabi/9.3.1/../../../../arm-none-eabi/lib/thumb/v7-m/nofp\libc_nano.a(lib_a-memset.o)
                0x00000000080029f8                memset
 .text.sprintf  0x0000000008002a08       0x40 c:/st/stm32cubeide_1.7.0/stm32cubeide/plugins/com.st.stm32cube.ide.mcu.externaltools.gnu-tools-for-stm32.9-2020-q2-update.win32_2.0.0.202105311346/tools/bin/../lib/gcc/arm-none-eabi/9.3.1/../../../../arm-none-eabi/lib/thumb/v7-m/nofp\libc_nano.a(lib_a-sprintf.o)
                0x0000000008002a08                siprintf
                0x0000000008002a08                sprintf
 .text.__ssputs_r
                0x0000000008002a48       0xb6 c:/st/stm32cubeide_1.7.0/stm32cubeide/plugins/com.st.stm32cube.ide.mcu.externaltools.gnu-tools-for-stm32.9-2020-q2-update.win32_2.0.0.202105311346/tools/bin/../lib/gcc/arm-none-eabi/9.3.1/../../../../arm-none-eabi/lib/thumb/v7-m/nofp\libc_nano.a(lib_a-nano-svfprintf.o)
                0x0000000008002a48                __ssputs_r
 *fill*         0x0000000008002afe        0x2 
 .text._svfprintf_r
                0x0000000008002b00      0x200 c:/st/stm32cubeide_1.7.0/stm32cubeide/plugins/com.st.stm32cube.ide.mcu.externaltools.gnu-tools-for-stm32.9-2020-q2-update.win32_2.0.0.202105311346/tools/bin/../lib/gcc/arm-none-eabi/9.3.1/../../../../arm-none-eabi/lib/thumb/v7-m/nofp\libc_nano.a(lib_a-nano-svfprintf.o)
                0x0000000008002b00                _svfiprintf_r
                0x0000000008002b00                _svfprintf_r
 .text._printf_common
                0x0000000008002d00       0xde c:/st/stm32cubeide_1.7.0/stm32cubeide/plugins/com.st.stm32cube.ide.mcu.externaltools.gnu-tools-for-stm32.9-2020-q2-update.win32_2.0.0.202105311346/tools/bin/../lib/gcc/arm-none-eabi/9.3.1/../../../../arm-none-eabi/lib/thumb/v7-m/nofp\libc_nano.a(lib_a-nano-vfprintf_i.o)
                0x0000000008002d00                _printf_common
 *fill*         0x0000000008002dde        0x2 
 .text._printf_i
                0x0000000008002de0      0x24c c:/st/stm32cubeide_1.7.0/stm32cubeide/plugins/com.st.stm32cube.ide.mcu.externaltools.gnu-tools-for-stm32.9-2020-q2-update.win32_2.0.0.202105311346/tools/bin/../lib/gcc/arm-none-eabi/9.3.1/../../../../arm-none-eabi/lib/thumb/v7-m/nofp\libc_nano.a(lib_a-nano-vfprintf_i.o)
                0x0000000008002de0                _printf_i
 .text.memchr   0x000000000800302c       0x1c c:/st/stm32cubeide_1.7.0/stm32cubeide/plugins/com.st.stm32cube.ide.mcu.externaltools.gnu-tools-for-stm32.9-2020-q2-update.win32_2.0.0.202105311346/tools/bin/../lib/gcc/arm-none-eabi/9.3.1/../../../../arm-none-eabi/lib/thumb/v7-m/nofp\libc_nano.a(lib_a-memchr-stub.o)
                0x000000000800302c                memchr
 .text.memcpy   0x0000000008003048       0x1c c:/st/stm32cubeide_1.7.0/stm32cubeide/plugins/com.st.stm32cube.ide.mcu.externaltools.gnu-tools-for-stm32.9-2020-q2-update.win32_2.0.0.202105311346/tools/bin/../lib/gcc/arm-none-eabi/9.3.1/../../../../arm-none-eabi/lib/thumb/v7-m/nofp\libc_nano.a(lib_a-memcpy-stub.o)
                0x0000000008003048                memcpy
 .text.memmove  0x0000000008003064       0x34 c:/st/stm32cubeide_1.7.0/stm32cubeide/plugins/com.st.stm32cube.ide.mcu.externaltools.gnu-tools-for-stm32.9-2020-q2-update.win32_2.0.0.202105311346/tools/bin/../lib/gcc/arm-none-eabi/9.3.1/../../../../arm-none-eabi/lib/thumb/v7-m/nofp\libc_nano.a(lib_a-memmove.o)
                0x0000000008003064                memmove
 .text._free_r  0x0000000008003098       0x98 c:/st/stm32cubeide_1.7.0/stm32cubeide/plugins/com.st.stm32cube.ide.mcu.externaltools.gnu-tools-for-stm32.9-2020-q2-update.win32_2.0.0.202105311346/tools/bin/../lib/gcc/arm-none-eabi/9.3.1/../../../../arm-none-eabi/lib/thumb/v7-m/nofp\libc_nano.a(lib_a-nano-freer.o)
                0x0000000008003098                _free_r
 .text._malloc_r
                0x0000000008003130       0xb4 c:/st/stm32cubeide_1.7.0/stm32cubeide/plugins/com.st.stm32cube.ide.mcu.externaltools.gnu-tools-for-stm32.9-2020-q2-update.win32_2.0.0.202105311346/tools/bin/../lib/gcc/arm-none-eabi/9.3.1/../../../../arm-none-eabi/lib/thumb/v7-m/nofp\libc_nano.a(lib_a-nano-mallocr.o)
                0x0000000008003130                _malloc_r
 .text._realloc_r
                0x00000000080031e4       0x4c c:/st/stm32cubeide_1.7.0/stm32cubeide/plugins/com.st.stm32cube.ide.mcu.externaltools.gnu-tools-for-stm32.9-2020-q2-update.win32_2.0.0.202105311346/tools/bin/../lib/gcc/arm-none-eabi/9.3.1/../../../../arm-none-eabi/lib/thumb/v7-m/nofp\libc_nano.a(lib_a-nano-reallocr.o)
                0x00000000080031e4                _realloc_r
 .text._sbrk_r  0x0000000008003230       0x20 c:/st/stm32cubeide_1.7.0/stm32cubeide/plugins/com.st.stm32cube.ide.mcu.externaltools.gnu-tools-for-stm32.9-2020-q2-update.win32_2.0.0.202105311346/tools/bin/../lib/gcc/arm-none-eabi/9.3.1/../../../../arm-none-eabi/lib/thumb/v7-m/nofp\libc_nano.a(lib_a-sbrkr.o)
                0x0000000008003230                _sbrk_r
 .text.__malloc_lock
                0x0000000008003250        0xc c:/st/stm32cubeide_1.7.0/stm32cubeide/plugins/com.st.stm32cube.ide.mcu.externaltools.gnu-tools-for-stm32.9-2020-q2-update.win32_2.0.0.202105311346/tools/bin/../lib/gcc/arm-none-eabi/9.3.1/../../../../arm-none-eabi/lib/thumb/v7-m/nofp\libc_nano.a(lib_a-mlock.o)
                0x0000000008003250                __malloc_lock
 .text.__malloc_unlock
                0x000000000800325c        0xc c:/st/stm32cubeide_1.7.0/stm32cubeide/plugins/com.st.stm32cube.ide.mcu.externaltools.gnu-tools-for-stm32.9-2020-q2-update.win32_2.0.0.202105311346/tools/bin/../lib/gcc/arm-none-eabi/9.3.1/../../../../arm-none-eabi/lib/thumb/v7-m/nofp\libc_nano.a(lib_a-mlock.o)
                0x000000000800325c                __malloc_unlock
 .text._malloc_usable_size_r
                0x0000000008003268       0x10 c:/st/stm32cubeide_1.7.0/stm32cubeide/plugins/com.st.stm32cube.ide.mcu.externaltools.gnu-tools-for-stm32.9-2020-q2-update.win32_2.0.0.202105311346/tools/bin/../lib/gcc/arm-none-eabi/9.3.1/../../../../arm-none-eabi/lib/thumb/v7-m/nofp\libc_nano.a(lib_a-nano-msizer.o)
                0x0000000008003268                _malloc_usable_size_r
 .text.__retarget_lock_acquire_recursive
                0x0000000008003278        0x2 c:/st/stm32cubeide_1.7.0/stm32cubeide/plugins/com.st.stm32cube.ide.mcu.externaltools.gnu-tools-for-stm32.9-2020-q2-update.win32_2.0.0.202105311346/tools/bin/../lib/gcc/arm-none-eabi/9.3.1/../../../../arm-none-eabi/lib/thumb/v7-m/nofp\libc_nano.a(lib_a-lock.o)
                0x0000000008003278                __retarget_lock_acquire_recursive
 .text.__retarget_lock_release_recursive
                0x000000000800327a        0x2 c:/st/stm32cubeide_1.7.0/stm32cubeide/plugins/com.st.stm32cube.ide.mcu.externaltools.gnu-tools-for-stm32.9-2020-q2-update.win32_2.0.0.202105311346/tools/bin/../lib/gcc/arm-none-eabi/9.3.1/../../../../arm-none-eabi/lib/thumb/v7-m/nofp\libc_nano.a(lib_a-lock.o)
                0x000000000800327a                __retarget_lock_release_recursive
 *(.glue_7)
 .glue_7        0x000000000800327c        0x0 linker stubs
 *(.glue_7t)
 .glue_7t       0x000000000800327c        0x0 linker stubs
 *(.eh_frame)
 .eh_frame      0x000000000800327c        0x0 c:/st/stm32cubeide_1.7.0/stm32cubeide/plugins/com.st.stm32cube.ide.mcu.externaltools.gnu-tools-for-stm32.9-2020-q2-update.win32_2.0.0.202105311346/tools/bin/../lib/gcc/arm-none-eabi/9.3.1/thumb/v7-m/nofp/crtbegin.o
 *(.init)
 .init          0x000000000800327c        0x4 c:/st/stm32cubeide_1.7.0/stm32cubeide/plugins/com.st.stm32cube.ide.mcu.externaltools.gnu-tools-for-stm32.9-2020-q2-update.win32_2.0.0.202105311346/tools/bin/../lib/gcc/arm-none-eabi/9.3.1/thumb/v7-m/nofp/crti.o
                0x000000000800327c                _init
 .init          0x0000000008003280        0x8 c:/st/stm32cubeide_1.7.0/stm32cubeide/plugins/com.st.stm32cube.ide.mcu.externaltools.gnu-tools-for-stm32.9-2020-q2-update.win32_2.0.0.202105311346/tools/bin/../lib/gcc/arm-none-eabi/9.3.1/thumb/v7-m/nofp/crtn.o
 *(.fini)
 .fini          0x0000000008003288        0x4 c:/st/stm32cubeide_1.7.0/stm32cubeide/plugins/com.st.stm32cube.ide.mcu.externaltools.gnu-tools-for-stm32.9-2020-q2-update.win32_2.0.0.202105311346/tools/bin/../lib/gcc/arm-none-eabi/9.3.1/thumb/v7-m/nofp/crti.o
                0x0000000008003288                _fini
 .fini          0x000000000800328c        0x8 c:/st/stm32cubeide_1.7.0/stm32cubeide/plugins/com.st.stm32cube.ide.mcu.externaltools.gnu-tools-for-stm32.9-2020-q2-update.win32_2.0.0.202105311346/tools/bin/../lib/gcc/arm-none-eabi/9.3.1/thumb/v7-m/nofp/crtn.o
                0x0000000008003294                . = ALIGN (0x4)
                0x0000000008003294                _etext = .

.vfp11_veneer   0x0000000008003294        0x0
 .vfp11_veneer  0x0000000008003294        0x0 linker stubs

.v4_bx          0x0000000008003294        0x0
 .v4_bx         0x0000000008003294        0x0 linker stubs

.iplt           0x0000000008003294        0x0
 .iplt          0x0000000008003294        0x0 c:/st/stm32cubeide_1.7.0/stm32cubeide/plugins/com.st.stm32cube.ide.mcu.externaltools.gnu-tools-for-stm32.9-2020-q2-update.win32_2.0.0.202105311346/tools/bin/../lib/gcc/arm-none-eabi/9.3.1/thumb/v7-m/nofp/crtbegin.o

.rodata         0x0000000008003294       0x68
                0x0000000008003294                . = ALIGN (0x4)
 *(.rodata)
 .rodata        0x0000000008003294        0xb build/main.o
 *fill*         0x000000000800329f        0x1 
 .rodata        0x00000000080032a0       0x10 build/stm32f1xx_hal_rcc.o
 *(.rodata*)
 .rodata.AHBPrescTable
                0x00000000080032b0       0x10 build/system_stm32f1xx.o
                0x00000000080032b0                AHBPrescTable
 .rodata.APBPrescTable
                0x00000000080032c0        0x8 build/system_stm32f1xx.o
                0x00000000080032c0                APBPrescTable
 .rodata._svfprintf_r.str1.1
                0x00000000080032c8       0x11 c:/st/stm32cubeide_1.7.0/stm32cubeide/plugins/com.st.stm32cube.ide.mcu.externaltools.gnu-tools-for-stm32.9-2020-q2-update.win32_2.0.0.202105311346/tools/bin/../lib/gcc/arm-none-eabi/9.3.1/../../../../arm-none-eabi/lib/thumb/v7-m/nofp\libc_nano.a(lib_a-nano-svfprintf.o)
 .rodata._printf_i.str1.1
                0x00000000080032d9       0x22 c:/st/stm32cubeide_1.7.0/stm32cubeide/plugins/com.st.stm32cube.ide.mcu.externaltools.gnu-tools-for-stm32.9-2020-q2-update.win32_2.0.0.202105311346/tools/bin/../lib/gcc/arm-none-eabi/9.3.1/../../../../arm-none-eabi/lib/thumb/v7-m/nofp\libc_nano.a(lib_a-nano-vfprintf_i.o)
                0x00000000080032fc                . = ALIGN (0x4)
 *fill*         0x00000000080032fb        0x1 

.rel.dyn        0x00000000080032fc        0x0
 .rel.iplt      0x00000000080032fc        0x0 c:/st/stm32cubeide_1.7.0/stm32cubeide/plugins/com.st.stm32cube.ide.mcu.externaltools.gnu-tools-for-stm32.9-2020-q2-update.win32_2.0.0.202105311346/tools/bin/../lib/gcc/arm-none-eabi/9.3.1/thumb/v7-m/nofp/crtbegin.o

.ARM.extab      0x00000000080032fc        0x0
                0x00000000080032fc                . = ALIGN (0x4)
 *(.ARM.extab* .gnu.linkonce.armextab.*)
                0x00000000080032fc                . = ALIGN (0x4)

.ARM            0x00000000080032fc        0x0
                0x00000000080032fc                . = ALIGN (0x4)
                0x00000000080032fc                __exidx_start = .
 *(.ARM.exidx*)
                0x00000000080032fc                __exidx_end = .
                0x00000000080032fc                . = ALIGN (0x4)

.preinit_array  0x00000000080032fc        0x0
                0x00000000080032fc                . = ALIGN (0x4)
                0x00000000080032fc                PROVIDE (__preinit_array_start = .)
 *(.preinit_array*)
                0x00000000080032fc                PROVIDE (__preinit_array_end = .)
                0x00000000080032fc                . = ALIGN (0x4)

.init_array     0x00000000080032fc        0x4
                0x00000000080032fc                . = ALIGN (0x4)
                0x00000000080032fc                PROVIDE (__init_array_start = .)
 *(SORT_BY_NAME(.init_array.*))
 *(.init_array*)
 .init_array    0x00000000080032fc        0x4 c:/st/stm32cubeide_1.7.0/stm32cubeide/plugins/com.st.stm32cube.ide.mcu.externaltools.gnu-tools-for-stm32.9-2020-q2-update.win32_2.0.0.202105311346/tools/bin/../lib/gcc/arm-none-eabi/9.3.1/thumb/v7-m/nofp/crtbegin.o
                0x0000000008003300                PROVIDE (__init_array_end = .)
                0x0000000008003300                . = ALIGN (0x4)

.fini_array     0x0000000008003300        0x4
                0x0000000008003300                . = ALIGN (0x4)
                [!provide]                        PROVIDE (__fini_array_start = .)
 *(SORT_BY_NAME(.fini_array.*))
 *(.fini_array*)
 .fini_array    0x0000000008003300        0x4 c:/st/stm32cubeide_1.7.0/stm32cubeide/plugins/com.st.stm32cube.ide.mcu.externaltools.gnu-tools-for-stm32.9-2020-q2-update.win32_2.0.0.202105311346/tools/bin/../lib/gcc/arm-none-eabi/9.3.1/thumb/v7-m/nofp/crtbegin.o
                [!provide]                        PROVIDE (__fini_array_end = .)
                0x0000000008003304                . = ALIGN (0x4)
                0x0000000008003304                _sidata = LOADADDR (.data)

.data           0x0000000020000000       0x84 load address 0x0000000008003304
                0x0000000020000000                . = ALIGN (0x4)
                0x0000000020000000                _sdata = .
 *(.data)
 *(.data*)
 .data.KeyReg0  0x0000000020000000        0x4 build/button.o
                0x0000000020000000                KeyReg0
 .data.KeyReg1  0x0000000020000004        0x4 build/button.o
                0x0000000020000004                KeyReg1
 .data.KeyReg2  0x0000000020000008        0x4 build/button.o
                0x0000000020000008                KeyReg2
 .data.KeyReg3  0x000000002000000c        0x4 build/button.o
                0x000000002000000c                KeyReg3
 .data.TimeOutForKeyPress
                0x0000000020000010        0x4 build/button.o
                0x0000000020000010                TimeOutForKeyPress
 .data.SystemCoreClock
                0x0000000020000014        0x4 build/system_stm32f1xx.o
                0x0000000020000014                SystemCoreClock
 .data.uwTickPrio
                0x0000000020000018        0x4 build/stm32f1xx_hal.o
                0x0000000020000018                uwTickPrio
 .data.uwTickFreq
                0x000000002000001c        0x1 build/stm32f1xx_hal.o
                0x000000002000001c                uwTickFreq
 *fill*         0x000000002000001d        0x3 
 .data._impure_ptr
                0x0000000020000020        0x4 c:/st/stm32cubeide_1.7.0/stm32cubeide/plugins/com.st.stm32cube.ide.mcu.externaltools.gnu-tools-for-stm32.9-2020-q2-update.win32_2.0.0.202105311346/tools/bin/../lib/gcc/arm-none-eabi/9.3.1/../../../../arm-none-eabi/lib/thumb/v7-m/nofp\libc_nano.a(lib_a-impure.o)
                0x0000000020000020                _impure_ptr
 .data.impure_data
                0x0000000020000024       0x60 c:/st/stm32cubeide_1.7.0/stm32cubeide/plugins/com.st.stm32cube.ide.mcu.externaltools.gnu-tools-for-stm32.9-2020-q2-update.win32_2.0.0.202105311346/tools/bin/../lib/gcc/arm-none-eabi/9.3.1/../../../../arm-none-eabi/lib/thumb/v7-m/nofp\libc_nano.a(lib_a-impure.o)
 *(.RamFunc)
 *(.RamFunc*)
                0x0000000020000084                . = ALIGN (0x4)
                0x0000000020000084                _edata = .

.igot.plt       0x0000000020000084        0x0 load address 0x0000000008003388
 .igot.plt      0x0000000020000084        0x0 c:/st/stm32cubeide_1.7.0/stm32cubeide/plugins/com.st.stm32cube.ide.mcu.externaltools.gnu-tools-for-stm32.9-2020-q2-update.win32_2.0.0.202105311346/tools/bin/../lib/gcc/arm-none-eabi/9.3.1/thumb/v7-m/nofp/crtbegin.o
                0x0000000020000084                . = ALIGN (0x4)

.bss            0x0000000020000084       0xe0 load address 0x0000000008003388
                0x0000000020000084                _sbss = .
                0x0000000020000084                __bss_start__ = _sbss
 *(.bss)
 .bss           0x0000000020000084       0x1c c:/st/stm32cubeide_1.7.0/stm32cubeide/plugins/com.st.stm32cube.ide.mcu.externaltools.gnu-tools-for-stm32.9-2020-q2-update.win32_2.0.0.202105311346/tools/bin/../lib/gcc/arm-none-eabi/9.3.1/thumb/v7-m/nofp/crtbegin.o
 *(.bss*)
 .bss.button1_flag
                0x00000000200000a0        0x4 build/button.o
                0x00000000200000a0                button1_flag
 .bss.status    0x00000000200000a4        0x4 build/global.o
                0x00000000200000a4                status
 .bss.timer1_flag
                0x00000000200000a8        0x4 build/software_timer.o
                0x00000000200000a8                timer1_flag
 .bss.timer1_counter
                0x00000000200000ac        0x4 build/software_timer.o
                0x00000000200000ac                timer1_counter
 .bss.timer2_flag
                0x00000000200000b0        0x4 build/software_timer.o
                0x00000000200000b0                timer2_flag
 .bss.timer2_counter
                0x00000000200000b4        0x4 build/software_timer.o
                0x00000000200000b4                timer2_counter
 .bss.__sbrk_heap_end
                0x00000000200000b8        0x4 build/sysmem.o
 .bss.__malloc_free_list
                0x00000000200000bc        0x4 c:/st/stm32cubeide_1.7.0/stm32cubeide/plugins/com.st.stm32cube.ide.mcu.externaltools.gnu-tools-for-stm32.9-2020-q2-update.win32_2.0.0.202105311346/tools/bin/../lib/gcc/arm-none-eabi/9.3.1/../../../../arm-none-eabi/lib/thumb/v7-m/nofp\libc_nano.a(lib_a-nano-mallocr.o)
                0x00000000200000bc                __malloc_free_list
 .bss.__malloc_sbrk_start
                0x00000000200000c0        0x4 c:/st/stm32cubeide_1.7.0/stm32cubeide/plugins/com.st.stm32cube.ide.mcu.externaltools.gnu-tools-for-stm32.9-2020-q2-update.win32_2.0.0.202105311346/tools/bin/../lib/gcc/arm-none-eabi/9.3.1/../../../../arm-none-eabi/lib/thumb/v7-m/nofp\libc_nano.a(lib_a-nano-mallocr.o)
                0x00000000200000c0                __malloc_sbrk_start
 *(COMMON)
 COMMON         0x00000000200000c4       0x8c build/main.o
                0x00000000200000c4                htim2
                0x000000002000010c                huart2
 COMMON         0x0000000020000150        0x4 build/stm32f1xx_hal.o
                0x0000000020000150                uwTick
 COMMON         0x0000000020000154        0x4 c:/st/stm32cubeide_1.7.0/stm32cubeide/plugins/com.st.stm32cube.ide.mcu.externaltools.gnu-tools-for-stm32.9-2020-q2-update.win32_2.0.0.202105311346/tools/bin/../lib/gcc/arm-none-eabi/9.3.1/../../../../arm-none-eabi/lib/thumb/v7-m/nofp\libc_nano.a(lib_a-reent.o)
                0x0000000020000154                errno
 COMMON         0x0000000020000158        0x9 c:/st/stm32cubeide_1.7.0/stm32cubeide/plugins/com.st.stm32cube.ide.mcu.externaltools.gnu-tools-for-stm32.9-2020-q2-update.win32_2.0.0.202105311346/tools/bin/../lib/gcc/arm-none-eabi/9.3.1/../../../../arm-none-eabi/lib/thumb/v7-m/nofp\libc_nano.a(lib_a-lock.o)
                0x0000000020000158                __lock___atexit_recursive_mutex
                0x0000000020000159                __lock___arc4random_mutex
                0x000000002000015a                __lock___env_recursive_mutex
                0x000000002000015b                __lock___sinit_recursive_mutex
                0x000000002000015c                __lock___malloc_recursive_mutex
                0x000000002000015d                __lock___at_quick_exit_mutex
                0x000000002000015e                __lock___dd_hash_mutex
                0x000000002000015f                __lock___tz_mutex
                0x0000000020000160                __lock___sfp_recursive_mutex
                0x0000000020000164                . = ALIGN (0x4)
 *fill*         0x0000000020000161        0x3 
                0x0000000020000164                _ebss = .
                0x0000000020000164                __bss_end__ = _ebss

._user_heap_stack
                0x0000000020000164      0x604 load address 0x0000000008003388
                0x0000000020000168                . = ALIGN (0x8)
 *fill*         0x0000000020000164        0x4 
                [!provide]                        PROVIDE (end = .)
                0x0000000020000168                PROVIDE (_end = .)
                0x0000000020000368                . = (. + _Min_Heap_Size)
 *fill*         0x0000000020000168      0x200 
                0x0000000020000768                . = (. + _Min_Stack_Size)
 *fill*         0x0000000020000368      0x400 
                0x0000000020000768                . = ALIGN (0x8)

/DISCARD/
 libc.a(*)
 libm.a(*)
 libgcc.a(*)

.ARM.attributes
                0x0000000000000000       0x29
 *(.ARM.attributes)
 .ARM.attributes
                0x0000000000000000       0x1d c:/st/stm32cubeide_1.7.0/stm32cubeide/plugins/com.st.stm32cube.ide.mcu.externaltools.gnu-tools-for-stm32.9-2020-q2-update.win32_2.0.0.202105311346/tools/bin/../lib/gcc/arm-none-eabi/9.3.1/thumb/v7-m/nofp/crti.o
 .ARM.attributes
                0x000000000000001d       0x2d c:/st/stm32cubeide_1.7.0/stm32cubeide/plugins/com.st.stm32cube.ide.mcu.externaltools.gnu-tools-for-stm32.9-2020-q2-update.win32_2.0.0.202105311346/tools/bin/../lib/gcc/arm-none-eabi/9.3.1/thumb/v7-m/nofp/crtbegin.o
 .ARM.attributes
                0x000000000000004a       0x2d build/button.o
 .ARM.attributes
                0x0000000000000077       0x33 build/global.o
 .ARM.attributes
                0x00000000000000aa       0x2d build/main.o
 .ARM.attributes
                0x00000000000000d7       0x2d build/software_timer.o
 .ARM.attributes
                0x0000000000000104       0x2d build/stm32f1xx_hal_msp.o
 .ARM.attributes
                0x0000000000000131       0x2d build/stm32f1xx_it.o
 .ARM.attributes
                0x000000000000015e       0x2d build/sysmem.o
 .ARM.attributes
                0x000000000000018b       0x2d build/system_stm32f1xx.o
 .ARM.attributes
                0x00000000000001b8       0x2d build/stm32f1xx_hal.o
 .ARM.attributes
                0x00000000000001e5       0x2d build/stm32f1xx_hal_cortex.o
 .ARM.attributes
                0x0000000000000212       0x2d build/stm32f1xx_hal_dma.o
 .ARM.attributes
                0x000000000000023f       0x2d build/stm32f1xx_hal_gpio.o
 .ARM.attributes
                0x000000000000026c       0x2d build/stm32f1xx_hal_rcc.o
 .ARM.attributes
                0x0000000000000299       0x2d build/stm32f1xx_hal_tim.o
 .ARM.attributes
                0x00000000000002c6       0x2d build/stm32f1xx_hal_tim_ex.o
 .ARM.attributes
                0x00000000000002f3       0x2d build/stm32f1xx_hal_uart.o
 .ARM.attributes
                0x0000000000000320       0x21 build/startup_stm32f103c6ux.o
 .ARM.attributes
                0x0000000000000341       0x2d c:/st/stm32cubeide_1.7.0/stm32cubeide/plugins/com.st.stm32cube.ide.mcu.externaltools.gnu-tools-for-stm32.9-2020-q2-update.win32_2.0.0.202105311346/tools/bin/../lib/gcc/arm-none-eabi/9.3.1/../../../../arm-none-eabi/lib/thumb/v7-m/nofp\libc_nano.a(lib_a-errno.o)
 .ARM.attributes
                0x000000000000036e       0x2d c:/st/stm32cubeide_1.7.0/stm32cubeide/plugins/com.st.stm32cube.ide.mcu.externaltools.gnu-tools-for-stm32.9-2020-q2-update.win32_2.0.0.202105311346/tools/bin/../lib/gcc/arm-none-eabi/9.3.1/../../../../arm-none-eabi/lib/thumb/v7-m/nofp\libc_nano.a(lib_a-impure.o)
 .ARM.attributes
                0x000000000000039b       0x2d c:/st/stm32cubeide_1.7.0/stm32cubeide/plugins/com.st.stm32cube.ide.mcu.externaltools.gnu-tools-for-stm32.9-2020-q2-update.win32_2.0.0.202105311346/tools/bin/../lib/gcc/arm-none-eabi/9.3.1/../../../../arm-none-eabi/lib/thumb/v7-m/nofp\libc_nano.a(lib_a-init.o)
 .ARM.attributes
                0x00000000000003c8       0x2d c:/st/stm32cubeide_1.7.0/stm32cubeide/plugins/com.st.stm32cube.ide.mcu.externaltools.gnu-tools-for-stm32.9-2020-q2-update.win32_2.0.0.202105311346/tools/bin/../lib/gcc/arm-none-eabi/9.3.1/../../../../arm-none-eabi/lib/thumb/v7-m/nofp\libc_nano.a(lib_a-memset.o)
 .ARM.attributes
                0x00000000000003f5       0x2d c:/st/stm32cubeide_1.7.0/stm32cubeide/plugins/com.st.stm32cube.ide.mcu.externaltools.gnu-tools-for-stm32.9-2020-q2-update.win32_2.0.0.202105311346/tools/bin/../lib/gcc/arm-none-eabi/9.3.1/../../../../arm-none-eabi/lib/thumb/v7-m/nofp\libc_nano.a(lib_a-sprintf.o)
 .ARM.attributes
                0x0000000000000422       0x2d c:/st/stm32cubeide_1.7.0/stm32cubeide/plugins/com.st.stm32cube.ide.mcu.externaltools.gnu-tools-for-stm32.9-2020-q2-update.win32_2.0.0.202105311346/tools/bin/../lib/gcc/arm-none-eabi/9.3.1/../../../../arm-none-eabi/lib/thumb/v7-m/nofp\libc_nano.a(lib_a-nano-svfprintf.o)
 .ARM.attributes
                0x000000000000044f       0x2d c:/st/stm32cubeide_1.7.0/stm32cubeide/plugins/com.st.stm32cube.ide.mcu.externaltools.gnu-tools-for-stm32.9-2020-q2-update.win32_2.0.0.202105311346/tools/bin/../lib/gcc/arm-none-eabi/9.3.1/../../../../arm-none-eabi/lib/thumb/v7-m/nofp\libc_nano.a(lib_a-nano-vfprintf_i.o)
 .ARM.attributes
                0x000000000000047c       0x2d c:/st/stm32cubeide_1.7.0/stm32cubeide/plugins/com.st.stm32cube.ide.mcu.externaltools.gnu-tools-for-stm32.9-2020-q2-update.win32_2.0.0.202105311346/tools/bin/../lib/gcc/arm-none-eabi/9.3.1/../../../../arm-none-eabi/lib/thumb/v7-m/nofp\libc_nano.a(lib_a-memchr-stub.o)
 .ARM.attributes
                0x00000000000004a9       0x2d c:/st/stm32cubeide_1.7.0/stm32cubeide/plugins/com.st.stm32cube.ide.mcu.externaltools.gnu-tools-for-stm32.9-2020-q2-update.win32_2.0.0.202105311346/tools/bin/../lib/gcc/arm-none-eabi/9.3.1/../../../../arm-none-eabi/lib/thumb/v7-m/nofp\libc_nano.a(lib_a-memcpy-stub.o)
 .ARM.attributes
                0x00000000000004d6       0x2d c:/st/stm32cubeide_1.7.0/stm32cubeide/plugins/com.st.stm32cube.ide.mcu.externaltools.gnu-tools-for-stm32.9-2020-q2-update.win32_2.0.0.202105311346/tools/bin/../lib/gcc/arm-none-eabi/9.3.1/../../../../arm-none-eabi/lib/thumb/v7-m/nofp\libc_nano.a(lib_a-memmove.o)
 .ARM.attributes
                0x0000000000000503       0x2d c:/st/stm32cubeide_1.7.0/stm32cubeide/plugins/com.st.stm32cube.ide.mcu.externaltools.gnu-tools-for-stm32.9-2020-q2-update.win32_2.0.0.202105311346/tools/bin/../lib/gcc/arm-none-eabi/9.3.1/../../../../arm-none-eabi/lib/thumb/v7-m/nofp\libc_nano.a(lib_a-nano-freer.o)
 .ARM.attributes
                0x0000000000000530       0x2d c:/st/stm32cubeide_1.7.0/stm32cubeide/plugins/com.st.stm32cube.ide.mcu.externaltools.gnu-tools-for-stm32.9-2020-q2-update.win32_2.0.0.202105311346/tools/bin/../lib/gcc/arm-none-eabi/9.3.1/../../../../arm-none-eabi/lib/thumb/v7-m/nofp\libc_nano.a(lib_a-nano-mallocr.o)
 .ARM.attributes
                0x000000000000055d       0x2d c:/st/stm32cubeide_1.7.0/stm32cubeide/plugins/com.st.stm32cube.ide.mcu.externaltools.gnu-tools-for-stm32.9-2020-q2-update.win32_2.0.0.202105311346/tools/bin/../lib/gcc/arm-none-eabi/9.3.1/../../../../arm-none-eabi/lib/thumb/v7-m/nofp\libc_nano.a(lib_a-nano-reallocr.o)
 .ARM.attributes
                0x000000000000058a       0x2d c:/st/stm32cubeide_1.7.0/stm32cubeide/plugins/com.st.stm32cube.ide.mcu.externaltools.gnu-tools-for-stm32.9-2020-q2-update.win32_2.0.0.202105311346/tools/bin/../lib/gcc/arm-none-eabi/9.3.1/../../../../arm-none-eabi/lib/thumb/v7-m/nofp\libc_nano.a(lib_a-sbrkr.o)
 .ARM.attributes
                0x00000000000005b7       0x2d c:/st/stm32cubeide_1.7.0/stm32cubeide/plugins/com.st.stm32cube.ide.mcu.externaltools.gnu-tools-for-stm32.9-2020-q2-update.win32_2.0.0.202105311346/tools/bin/../lib/gcc/arm-none-eabi/9.3.1/../../../../arm-none-eabi/lib/thumb/v7-m/nofp\libc_nano.a(lib_a-mlock.o)
 .ARM.attributes
                0x00000000000005e4       0x2d c:/st/stm32cubeide_1.7.0/stm32cubeide/plugins/com.st.stm32cube.ide.mcu.externaltools.gnu-tools-for-stm32.9-2020-q2-update.win32_2.0.0.202105311346/tools/bin/../lib/gcc/arm-none-eabi/9.3.1/../../../../arm-none-eabi/lib/thumb/v7-m/nofp\libc_nano.a(lib_a-nano-msizer.o)
 .ARM.attributes
                0x0000000000000611       0x2d c:/st/stm32cubeide_1.7.0/stm32cubeide/plugins/com.st.stm32cube.ide.mcu.externaltools.gnu-tools-for-stm32.9-2020-q2-update.win32_2.0.0.202105311346/tools/bin/../lib/gcc/arm-none-eabi/9.3.1/../../../../arm-none-eabi/lib/thumb/v7-m/nofp\libc_nano.a(lib_a-reent.o)
 .ARM.attributes
                0x000000000000063e       0x2d c:/st/stm32cubeide_1.7.0/stm32cubeide/plugins/com.st.stm32cube.ide.mcu.externaltools.gnu-tools-for-stm32.9-2020-q2-update.win32_2.0.0.202105311346/tools/bin/../lib/gcc/arm-none-eabi/9.3.1/../../../../arm-none-eabi/lib/thumb/v7-m/nofp\libc_nano.a(lib_a-lock.o)
 .ARM.attributes
                0x000000000000066b       0x1d c:/st/stm32cubeide_1.7.0/stm32cubeide/plugins/com.st.stm32cube.ide.mcu.externaltools.gnu-tools-for-stm32.9-2020-q2-update.win32_2.0.0.202105311346/tools/bin/../lib/gcc/arm-none-eabi/9.3.1/thumb/v7-m/nofp/crtn.o
OUTPUT(build/stm32_f103rbt6.elf elf32-littlearm)
LOAD linker stubs
LOAD c:/st/stm32cubeide_1.7.0/stm32cubeide/plugins/com.st.stm32cube.ide.mcu.externaltools.gnu-tools-for-stm32.9-2020-q2-update.win32_2.0.0.202105311346/tools/bin/../lib/gcc/arm-none-eabi/9.3.1/../../../../arm-none-eabi/lib/thumb/v7-m/nofp\libc.a
LOAD c:/st/stm32cubeide_1.7.0/stm32cubeide/plugins/com.st.stm32cube.ide.mcu.externaltools.gnu-tools-for-stm32.9-2020-q2-update.win32_2.0.0.202105311346/tools/bin/../lib/gcc/arm-none-eabi/9.3.1/../../../../arm-none-eabi/lib/thumb/v7-m/nofp\libm.a
LOAD c:/st/stm32cubeide_1.7.0/stm32cubeide/plugins/com.st.stm32cube.ide.mcu.externaltools.gnu-tools-for-stm32.9-2020-q2-update.win32_2.0.0.202105311346/tools/bin/../lib/gcc/arm-none-eabi/9.3.1/thumb/v7-m/nofp\libgcc.a

.debug_info     0x0000000000000000     0xc0eb
 .debug_info    0x0000000000000000      0x2db build/button.o
 .debug_info    0x00000000000002db      0x1b6 build/global.o
 .debug_info    0x0000000000000491     0x1702 build/main.o
 .debug_info    0x0000000000001b93       0xf5 build/software_timer.o
 .debug_info    0x0000000000001c88      0xdaf build/stm32f1xx_hal_msp.o
 .debug_info    0x0000000000002a37      0xa22 build/stm32f1xx_it.o
 .debug_info    0x0000000000003459      0xa25 build/sysmem.o
 .debug_info    0x0000000000003e7e      0x260 build/system_stm32f1xx.o
 .debug_info    0x00000000000040de      0x74c build/stm32f1xx_hal.o
 .debug_info    0x000000000000482a      0xbbe build/stm32f1xx_hal_cortex.o
 .debug_info    0x00000000000053e8      0x81e build/stm32f1xx_hal_dma.o
 .debug_info    0x0000000000005c06      0x701 build/stm32f1xx_hal_gpio.o
 .debug_info    0x0000000000006307      0x88e build/stm32f1xx_hal_rcc.o
 .debug_info    0x0000000000006b95     0x2a45 build/stm32f1xx_hal_tim.o
 .debug_info    0x00000000000095da     0x14d5 build/stm32f1xx_hal_tim_ex.o
 .debug_info    0x000000000000aaaf     0x161a build/stm32f1xx_hal_uart.o
 .debug_info    0x000000000000c0c9       0x22 build/startup_stm32f103c6ux.o

.debug_abbrev   0x0000000000000000     0x1f37
 .debug_abbrev  0x0000000000000000      0x13b build/button.o
 .debug_abbrev  0x000000000000013b       0xa9 build/global.o
 .debug_abbrev  0x00000000000001e4      0x330 build/main.o
 .debug_abbrev  0x0000000000000514       0xb6 build/software_timer.o
 .debug_abbrev  0x00000000000005ca      0x1c8 build/stm32f1xx_hal_msp.o
 .debug_abbrev  0x0000000000000792      0x176 build/stm32f1xx_it.o
 .debug_abbrev  0x0000000000000908      0x1fd build/sysmem.o
 .debug_abbrev  0x0000000000000b05      0x14e build/system_stm32f1xx.o
 .debug_abbrev  0x0000000000000c53      0x1ed build/stm32f1xx_hal.o
 .debug_abbrev  0x0000000000000e40      0x313 build/stm32f1xx_hal_cortex.o
 .debug_abbrev  0x0000000000001153      0x228 build/stm32f1xx_hal_dma.o
 .debug_abbrev  0x000000000000137b      0x1e8 build/stm32f1xx_hal_gpio.o
 .debug_abbrev  0x0000000000001563      0x273 build/stm32f1xx_hal_rcc.o
 .debug_abbrev  0x00000000000017d6      0x25e build/stm32f1xx_hal_tim.o
 .debug_abbrev  0x0000000000001a34      0x266 build/stm32f1xx_hal_tim_ex.o
 .debug_abbrev  0x0000000000001c9a      0x28b build/stm32f1xx_hal_uart.o
 .debug_abbrev  0x0000000000001f25       0x12 build/startup_stm32f103c6ux.o

.debug_aranges  0x0000000000000000      0xc70
 .debug_aranges
                0x0000000000000000       0x30 build/button.o
 .debug_aranges
                0x0000000000000030       0x18 build/global.o
 .debug_aranges
                0x0000000000000048       0x50 build/main.o
 .debug_aranges
                0x0000000000000098       0x38 build/software_timer.o
 .debug_aranges
                0x00000000000000d0       0x40 build/stm32f1xx_hal_msp.o
 .debug_aranges
                0x0000000000000110       0x70 build/stm32f1xx_it.o
 .debug_aranges
                0x0000000000000180       0x20 build/sysmem.o
 .debug_aranges
                0x00000000000001a0       0x28 build/system_stm32f1xx.o
 .debug_aranges
                0x00000000000001c8       0xe0 build/stm32f1xx_hal.o
 .debug_aranges
                0x00000000000002a8      0x100 build/stm32f1xx_hal_cortex.o
 .debug_aranges
                0x00000000000003a8       0x80 build/stm32f1xx_hal_dma.o
 .debug_aranges
                0x0000000000000428       0x58 build/stm32f1xx_hal_gpio.o
 .debug_aranges
                0x0000000000000480       0x90 build/stm32f1xx_hal_rcc.o
 .debug_aranges
                0x0000000000000510      0x3d0 build/stm32f1xx_hal_tim.o
 .debug_aranges
                0x00000000000008e0      0x168 build/stm32f1xx_hal_tim_ex.o
 .debug_aranges
                0x0000000000000a48      0x200 build/stm32f1xx_hal_uart.o
 .debug_aranges
                0x0000000000000c48       0x28 build/startup_stm32f103c6ux.o

.debug_ranges   0x0000000000000000      0xb90
 .debug_ranges  0x0000000000000000       0x20 build/button.o
 .debug_ranges  0x0000000000000020       0x40 build/main.o
 .debug_ranges  0x0000000000000060       0x28 build/software_timer.o
 .debug_ranges  0x0000000000000088       0x30 build/stm32f1xx_hal_msp.o
 .debug_ranges  0x00000000000000b8       0x60 build/stm32f1xx_it.o
 .debug_ranges  0x0000000000000118       0x10 build/sysmem.o
 .debug_ranges  0x0000000000000128       0x18 build/system_stm32f1xx.o
 .debug_ranges  0x0000000000000140       0xd0 build/stm32f1xx_hal.o
 .debug_ranges  0x0000000000000210       0xf0 build/stm32f1xx_hal_cortex.o
 .debug_ranges  0x0000000000000300       0x70 build/stm32f1xx_hal_dma.o
 .debug_ranges  0x0000000000000370       0x48 build/stm32f1xx_hal_gpio.o
 .debug_ranges  0x00000000000003b8       0x80 build/stm32f1xx_hal_rcc.o
 .debug_ranges  0x0000000000000438      0x3c0 build/stm32f1xx_hal_tim.o
 .debug_ranges  0x00000000000007f8      0x158 build/stm32f1xx_hal_tim_ex.o
 .debug_ranges  0x0000000000000950      0x220 build/stm32f1xx_hal_uart.o
 .debug_ranges  0x0000000000000b70       0x20 build/startup_stm32f103c6ux.o

.debug_macro    0x0000000000000000    0x17a34
 .debug_macro   0x0000000000000000      0x1bb build/button.o
 .debug_macro   0x00000000000001bb      0xa9c build/button.o
 .debug_macro   0x0000000000000c57      0x21b build/button.o
 .debug_macro   0x0000000000000e72       0x2e build/button.o
 .debug_macro   0x0000000000000ea0       0x22 build/button.o
 .debug_macro   0x0000000000000ec2       0x22 build/button.o
 .debug_macro   0x0000000000000ee4       0x8e build/button.o
 .debug_macro   0x0000000000000f72       0x51 build/button.o
 .debug_macro   0x0000000000000fc3      0x103 build/button.o
 .debug_macro   0x00000000000010c6       0x6a build/button.o
 .debug_macro   0x0000000000001130      0x1df build/button.o
 .debug_macro   0x000000000000130f       0x1c build/button.o
 .debug_macro   0x000000000000132b       0x22 build/button.o
 .debug_macro   0x000000000000134d       0xc3 build/button.o
 .debug_macro   0x0000000000001410      0xd23 build/button.o
 .debug_macro   0x0000000000002133     0xde75 build/button.o
 .debug_macro   0x000000000000ffa8       0x6d build/button.o
 .debug_macro   0x0000000000010015     0x3468 build/button.o
 .debug_macro   0x000000000001347d      0x174 build/button.o
 .debug_macro   0x00000000000135f1       0x5c build/button.o
 .debug_macro   0x000000000001364d      0x5be build/button.o
 .debug_macro   0x0000000000013c0b      0x1b7 build/button.o
 .debug_macro   0x0000000000013dc2      0x1cb build/button.o
 .debug_macro   0x0000000000013f8d      0x114 build/button.o
 .debug_macro   0x00000000000140a1      0x1b2 build/button.o
 .debug_macro   0x0000000000014253       0x27 build/button.o
 .debug_macro   0x000000000001427a      0x12f build/button.o
 .debug_macro   0x00000000000143a9      0x1bc build/button.o
 .debug_macro   0x0000000000014565       0x34 build/button.o
 .debug_macro   0x0000000000014599       0x3c build/button.o
 .debug_macro   0x00000000000145d5       0x57 build/button.o
 .debug_macro   0x000000000001462c       0x88 build/button.o
 .debug_macro   0x00000000000146b4      0x183 build/button.o
 .debug_macro   0x0000000000014837      0x141 build/button.o
 .debug_macro   0x0000000000014978      0x8d1 build/button.o
 .debug_macro   0x0000000000015249      0x279 build/button.o
 .debug_macro   0x00000000000154c2       0x69 build/button.o
 .debug_macro   0x000000000001552b       0x58 build/button.o
 .debug_macro   0x0000000000015583       0x10 build/button.o
 .debug_macro   0x0000000000015593      0x1d4 build/global.o
 .debug_macro   0x0000000000015767      0x344 build/main.o
 .debug_macro   0x0000000000015aab       0x64 build/main.o
 .debug_macro   0x0000000000015b0f       0x18 build/main.o
 .debug_macro   0x0000000000015b27       0x35 build/main.o
 .debug_macro   0x0000000000015b5c       0x34 build/main.o
 .debug_macro   0x0000000000015b90       0x16 build/main.o
 .debug_macro   0x0000000000015ba6       0x35 build/main.o
 .debug_macro   0x0000000000015bdb      0x333 build/main.o
 .debug_macro   0x0000000000015f0e       0x10 build/main.o
 .debug_macro   0x0000000000015f1e       0x16 build/main.o
 .debug_macro   0x0000000000015f34       0x43 build/main.o
 .debug_macro   0x0000000000015f77       0x34 build/main.o
 .debug_macro   0x0000000000015fab       0x10 build/main.o
 .debug_macro   0x0000000000015fbb       0x58 build/main.o
 .debug_macro   0x0000000000016013      0x182 build/main.o
 .debug_macro   0x0000000000016195       0x10 build/main.o
 .debug_macro   0x00000000000161a5       0x1c build/main.o
 .debug_macro   0x00000000000161c1       0x52 build/main.o
 .debug_macro   0x0000000000016213       0x22 build/main.o
 .debug_macro   0x0000000000016235       0x10 build/main.o
 .debug_macro   0x0000000000016245       0x40 build/main.o
 .debug_macro   0x0000000000016285       0xd5 build/main.o
 .debug_macro   0x000000000001635a       0x1c build/main.o
 .debug_macro   0x0000000000016376       0x3d build/main.o
 .debug_macro   0x00000000000163b3       0x16 build/main.o
 .debug_macro   0x00000000000163c9      0x16f build/main.o
 .debug_macro   0x0000000000016538       0x21 build/software_timer.o
 .debug_macro   0x0000000000016559      0x1ac build/stm32f1xx_hal_msp.o
 .debug_macro   0x0000000000016705      0x1b6 build/stm32f1xx_it.o
 .debug_macro   0x00000000000168bb       0xec build/sysmem.o
 .debug_macro   0x00000000000169a7      0x23b build/sysmem.o
 .debug_macro   0x0000000000016be2       0xc7 build/system_stm32f1xx.o
 .debug_macro   0x0000000000016ca9      0x1c1 build/stm32f1xx_hal.o
 .debug_macro   0x0000000000016e6a      0x19d build/stm32f1xx_hal_cortex.o
 .debug_macro   0x0000000000017007      0x19d build/stm32f1xx_hal_dma.o
 .debug_macro   0x00000000000171a4      0x208 build/stm32f1xx_hal_gpio.o
 .debug_macro   0x00000000000173ac      0x1af build/stm32f1xx_hal_rcc.o
 .debug_macro   0x000000000001755b      0x19e build/stm32f1xx_hal_tim.o
 .debug_macro   0x00000000000176f9      0x19d build/stm32f1xx_hal_tim_ex.o
 .debug_macro   0x0000000000017896      0x19e build/stm32f1xx_hal_uart.o

.debug_line     0x0000000000000000     0xcc33
 .debug_line    0x0000000000000000      0x6ec build/button.o
 .debug_line    0x00000000000006ec      0x675 build/global.o
 .debug_line    0x0000000000000d61      0x942 build/main.o
 .debug_line    0x00000000000016a3       0xe5 build/software_timer.o
 .debug_line    0x0000000000001788      0x6ff build/stm32f1xx_hal_msp.o
 .debug_line    0x0000000000001e87      0x75f build/stm32f1xx_it.o
 .debug_line    0x00000000000025e6      0x430 build/sysmem.o
 .debug_line    0x0000000000002a16      0x4d9 build/system_stm32f1xx.o
 .debug_line    0x0000000000002eef      0x918 build/stm32f1xx_hal.o
 .debug_line    0x0000000000003807      0xb00 build/stm32f1xx_hal_cortex.o
 .debug_line    0x0000000000004307      0xd70 build/stm32f1xx_hal_dma.o
 .debug_line    0x0000000000005077      0x999 build/stm32f1xx_hal_gpio.o
 .debug_line    0x0000000000005a10      0xd26 build/stm32f1xx_hal_rcc.o
 .debug_line    0x0000000000006736     0x3276 build/stm32f1xx_hal_tim.o
 .debug_line    0x00000000000099ac     0x180e build/stm32f1xx_hal_tim_ex.o
 .debug_line    0x000000000000b1ba     0x19f3 build/stm32f1xx_hal_uart.o
 .debug_line    0x000000000000cbad       0x86 build/startup_stm32f103c6ux.o

.debug_str      0x0000000000000000    0x88376
 .debug_str     0x0000000000000000    0x80eed build/button.o
                                      0x8123b (size before relaxing)
 .debug_str     0x0000000000080eed       0x9a build/global.o
                                      0x81240 (size before relaxing)
 .debug_str     0x0000000000080f87     0x440f build/main.o
                                      0x85776 (size before relaxing)
 .debug_str     0x0000000000085396       0x74 build/software_timer.o
                                       0x2dee (size before relaxing)
 .debug_str     0x000000000008540a      0x2e3 build/stm32f1xx_hal_msp.o
                                      0x81bd1 (size before relaxing)
 .debug_str     0x00000000000856ed       0xde build/stm32f1xx_it.o
                                      0x818df (size before relaxing)
 .debug_str     0x00000000000857cb      0x4e8 build/sysmem.o
                                       0x5c41 (size before relaxing)
 .debug_str     0x0000000000085cb3       0x51 build/system_stm32f1xx.o
                                      0x534c9 (size before relaxing)
 .debug_str     0x0000000000085d04      0x303 build/stm32f1xx_hal.o
                                      0x81711 (size before relaxing)
 .debug_str     0x0000000000086007      0x2ff build/stm32f1xx_hal_cortex.o
                                      0x81719 (size before relaxing)
 .debug_str     0x0000000000086306      0x234 build/stm32f1xx_hal_dma.o
                                      0x81495 (size before relaxing)
 .debug_str     0x000000000008653a      0x31e build/stm32f1xx_hal_gpio.o
                                      0x8147e (size before relaxing)
 .debug_str     0x0000000000086858      0x24e build/stm32f1xx_hal_rcc.o
                                      0x814b7 (size before relaxing)
 .debug_str     0x0000000000086aa6      0xdc2 build/stm32f1xx_hal_tim.o
                                      0x82489 (size before relaxing)
 .debug_str     0x0000000000087868      0x4ed build/stm32f1xx_hal_tim_ex.o
                                      0x81c3a (size before relaxing)
 .debug_str     0x0000000000087d55      0x5ec build/stm32f1xx_hal_uart.o
                                      0x81aa9 (size before relaxing)
 .debug_str     0x0000000000088341       0x35 build/startup_stm32f103c6ux.o
                                         0x6f (size before relaxing)

.comment        0x0000000000000000       0x53
 .comment       0x0000000000000000       0x53 build/button.o
                                         0x54 (size before relaxing)
 .comment       0x0000000000000053       0x54 build/global.o
 .comment       0x0000000000000053       0x54 build/main.o
 .comment       0x0000000000000053       0x54 build/software_timer.o
 .comment       0x0000000000000053       0x54 build/stm32f1xx_hal_msp.o
 .comment       0x0000000000000053       0x54 build/stm32f1xx_it.o
 .comment       0x0000000000000053       0x54 build/sysmem.o
 .comment       0x0000000000000053       0x54 build/system_stm32f1xx.o
 .comment       0x0000000000000053       0x54 build/stm32f1xx_hal.o
 .comment       0x0000000000000053       0x54 build/stm32f1xx_hal_cortex.o
 .comment       0x0000000000000053       0x54 build/stm32f1xx_hal_dma.o
 .comment       0x0000000000000053       0x54 build/stm32f1xx_hal_gpio.o
 .comment       0x0000000000000053       0x54 build/stm32f1xx_hal_rcc.o
 .comment       0x0000000000000053       0x54 build/stm32f1xx_hal_tim.o
 .comment       0x0000000000000053       0x54 build/stm32f1xx_hal_tim_ex.o
 .comment       0x0000000000000053       0x54 build/stm32f1xx_hal_uart.o

.debug_frame    0x0000000000000000     0x36c8
 .debug_frame   0x0000000000000000       0x68 build/button.o
 .debug_frame   0x0000000000000068       0xf4 build/main.o
 .debug_frame   0x000000000000015c       0xa0 build/software_timer.o
 .debug_frame   0x00000000000001fc       0xc8 build/stm32f1xx_hal_msp.o
 .debug_frame   0x00000000000002c4      0x13c build/stm32f1xx_it.o
 .debug_frame   0x0000000000000400       0x34 build/sysmem.o
 .debug_frame   0x0000000000000434       0x58 build/system_stm32f1xx.o
 .debug_frame   0x000000000000048c      0x334 build/stm32f1xx_hal.o
 .debug_frame   0x00000000000007c0      0x428 build/stm32f1xx_hal_cortex.o
 .debug_frame   0x0000000000000be8      0x208 build/stm32f1xx_hal_dma.o
 .debug_frame   0x0000000000000df0      0x14c build/stm32f1xx_hal_gpio.o
 .debug_frame   0x0000000000000f3c      0x21c build/stm32f1xx_hal_rcc.o
 .debug_frame   0x0000000000001158     0x11b8 build/stm32f1xx_hal_tim.o
 .debug_frame   0x0000000000002310      0x638 build/stm32f1xx_hal_tim_ex.o
 .debug_frame   0x0000000000002948      0x914 build/stm32f1xx_hal_uart.o
 .debug_frame   0x000000000000325c       0x20 c:/st/stm32cubeide_1.7.0/stm32cubeide/plugins/com.st.stm32cube.ide.mcu.externaltools.gnu-tools-for-stm32.9-2020-q2-update.win32_2.0.0.202105311346/tools/bin/../lib/gcc/arm-none-eabi/9.3.1/../../../../arm-none-eabi/lib/thumb/v7-m/nofp\libc_nano.a(lib_a-errno.o)
 .debug_frame   0x000000000000327c       0x2c c:/st/stm32cubeide_1.7.0/stm32cubeide/plugins/com.st.stm32cube.ide.mcu.externaltools.gnu-tools-for-stm32.9-2020-q2-update.win32_2.0.0.202105311346/tools/bin/../lib/gcc/arm-none-eabi/9.3.1/../../../../arm-none-eabi/lib/thumb/v7-m/nofp\libc_nano.a(lib_a-init.o)
 .debug_frame   0x00000000000032a8       0x20 c:/st/stm32cubeide_1.7.0/stm32cubeide/plugins/com.st.stm32cube.ide.mcu.externaltools.gnu-tools-for-stm32.9-2020-q2-update.win32_2.0.0.202105311346/tools/bin/../lib/gcc/arm-none-eabi/9.3.1/../../../../arm-none-eabi/lib/thumb/v7-m/nofp\libc_nano.a(lib_a-memset.o)
 .debug_frame   0x00000000000032c8       0x6c c:/st/stm32cubeide_1.7.0/stm32cubeide/plugins/com.st.stm32cube.ide.mcu.externaltools.gnu-tools-for-stm32.9-2020-q2-update.win32_2.0.0.202105311346/tools/bin/../lib/gcc/arm-none-eabi/9.3.1/../../../../arm-none-eabi/lib/thumb/v7-m/nofp\libc_nano.a(lib_a-sprintf.o)
 .debug_frame   0x0000000000003334       0x90 c:/st/stm32cubeide_1.7.0/stm32cubeide/plugins/com.st.stm32cube.ide.mcu.externaltools.gnu-tools-for-stm32.9-2020-q2-update.win32_2.0.0.202105311346/tools/bin/../lib/gcc/arm-none-eabi/9.3.1/../../../../arm-none-eabi/lib/thumb/v7-m/nofp\libc_nano.a(lib_a-nano-svfprintf.o)
 .debug_frame   0x00000000000033c4       0x60 c:/st/stm32cubeide_1.7.0/stm32cubeide/plugins/com.st.stm32cube.ide.mcu.externaltools.gnu-tools-for-stm32.9-2020-q2-update.win32_2.0.0.202105311346/tools/bin/../lib/gcc/arm-none-eabi/9.3.1/../../../../arm-none-eabi/lib/thumb/v7-m/nofp\libc_nano.a(lib_a-nano-vfprintf_i.o)
 .debug_frame   0x0000000000003424       0x28 c:/st/stm32cubeide_1.7.0/stm32cubeide/plugins/com.st.stm32cube.ide.mcu.externaltools.gnu-tools-for-stm32.9-2020-q2-update.win32_2.0.0.202105311346/tools/bin/../lib/gcc/arm-none-eabi/9.3.1/../../../../arm-none-eabi/lib/thumb/v7-m/nofp\libc_nano.a(lib_a-memchr-stub.o)
 .debug_frame   0x000000000000344c       0x28 c:/st/stm32cubeide_1.7.0/stm32cubeide/plugins/com.st.stm32cube.ide.mcu.externaltools.gnu-tools-for-stm32.9-2020-q2-update.win32_2.0.0.202105311346/tools/bin/../lib/gcc/arm-none-eabi/9.3.1/../../../../arm-none-eabi/lib/thumb/v7-m/nofp\libc_nano.a(lib_a-memcpy-stub.o)
 .debug_frame   0x0000000000003474       0x28 c:/st/stm32cubeide_1.7.0/stm32cubeide/plugins/com.st.stm32cube.ide.mcu.externaltools.gnu-tools-for-stm32.9-2020-q2-update.win32_2.0.0.202105311346/tools/bin/../lib/gcc/arm-none-eabi/9.3.1/../../../../arm-none-eabi/lib/thumb/v7-m/nofp\libc_nano.a(lib_a-memmove.o)
 .debug_frame   0x000000000000349c       0x38 c:/st/stm32cubeide_1.7.0/stm32cubeide/plugins/com.st.stm32cube.ide.mcu.externaltools.gnu-tools-for-stm32.9-2020-q2-update.win32_2.0.0.202105311346/tools/bin/../lib/gcc/arm-none-eabi/9.3.1/../../../../arm-none-eabi/lib/thumb/v7-m/nofp\libc_nano.a(lib_a-nano-freer.o)
 .debug_frame   0x00000000000034d4       0x30 c:/st/stm32cubeide_1.7.0/stm32cubeide/plugins/com.st.stm32cube.ide.mcu.externaltools.gnu-tools-for-stm32.9-2020-q2-update.win32_2.0.0.202105311346/tools/bin/../lib/gcc/arm-none-eabi/9.3.1/../../../../arm-none-eabi/lib/thumb/v7-m/nofp\libc_nano.a(lib_a-nano-mallocr.o)
 .debug_frame   0x0000000000003504       0x3c c:/st/stm32cubeide_1.7.0/stm32cubeide/plugins/com.st.stm32cube.ide.mcu.externaltools.gnu-tools-for-stm32.9-2020-q2-update.win32_2.0.0.202105311346/tools/bin/../lib/gcc/arm-none-eabi/9.3.1/../../../../arm-none-eabi/lib/thumb/v7-m/nofp\libc_nano.a(lib_a-nano-reallocr.o)
 .debug_frame   0x0000000000003540       0x2c c:/st/stm32cubeide_1.7.0/stm32cubeide/plugins/com.st.stm32cube.ide.mcu.externaltools.gnu-tools-for-stm32.9-2020-q2-update.win32_2.0.0.202105311346/tools/bin/../lib/gcc/arm-none-eabi/9.3.1/../../../../arm-none-eabi/lib/thumb/v7-m/nofp\libc_nano.a(lib_a-sbrkr.o)
 .debug_frame   0x000000000000356c       0x30 c:/st/stm32cubeide_1.7.0/stm32cubeide/plugins/com.st.stm32cube.ide.mcu.externaltools.gnu-tools-for-stm32.9-2020-q2-update.win32_2.0.0.202105311346/tools/bin/../lib/gcc/arm-none-eabi/9.3.1/../../../../arm-none-eabi/lib/thumb/v7-m/nofp\libc_nano.a(lib_a-mlock.o)
 .debug_frame   0x000000000000359c       0x20 c:/st/stm32cubeide_1.7.0/stm32cubeide/plugins/com.st.stm32cube.ide.mcu.externaltools.gnu-tools-for-stm32.9-2020-q2-update.win32_2.0.0.202105311346/tools/bin/../lib/gcc/arm-none-eabi/9.3.1/../../../../arm-none-eabi/lib/thumb/v7-m/nofp\libc_nano.a(lib_a-nano-msizer.o)
 .debug_frame   0x00000000000035bc       0x5c c:/st/stm32cubeide_1.7.0/stm32cubeide/plugins/com.st.stm32cube.ide.mcu.externaltools.gnu-tools-for-stm32.9-2020-q2-update.win32_2.0.0.202105311346/tools/bin/../lib/gcc/arm-none-eabi/9.3.1/../../../../arm-none-eabi/lib/thumb/v7-m/nofp\libc_nano.a(lib_a-reent.o)
 .debug_frame   0x0000000000003618       0xb0 c:/st/stm32cubeide_1.7.0/stm32cubeide/plugins/com.st.stm32cube.ide.mcu.externaltools.gnu-tools-for-stm32.9-2020-q2-update.win32_2.0.0.202105311346/tools/bin/../lib/gcc/arm-none-eabi/9.3.1/../../../../arm-none-eabi/lib/thumb/v7-m/nofp\libc_nano.a(lib_a-lock.o)

Cross Reference Table

Symbol                                            File
ADC1_2_IRQHandler                                 build/startup_stm32f103c6ux.o
AHBPrescTable                                     build/system_stm32f1xx.o
                                                  build/stm32f1xx_hal_rcc.o
APBPrescTable                                     build/system_stm32f1xx.o
                                                  build/stm32f1xx_hal_rcc.o
BusFault_Handler                                  build/stm32f1xx_it.o
CAN1_RX1_IRQHandler                               build/startup_stm32f103c6ux.o
CAN1_SCE_IRQHandler                               build/startup_stm32f103c6ux.o
DMA1_Channel1_IRQHandler                          build/startup_stm32f103c6ux.o
DMA1_Channel2_IRQHandler                          build/startup_stm32f103c6ux.o
DMA1_Channel3_IRQHandler                          build/startup_stm32f103c6ux.o
DMA1_Channel4_IRQHandler                          build/startup_stm32f103c6ux.o
DMA1_Channel5_IRQHandler                          build/startup_stm32f103c6ux.o
DMA1_Channel6_IRQHandler                          build/startup_stm32f103c6ux.o
DMA1_Channel7_IRQHandler                          build/startup_stm32f103c6ux.o
DebugMon_Handler                                  build/stm32f1xx_it.o
Default_Handler                                   build/startup_stm32f103c6ux.o
EXTI0_IRQHandler                                  build/startup_stm32f103c6ux.o
EXTI15_10_IRQHandler                              build/startup_stm32f103c6ux.o
EXTI1_IRQHandler                                  build/startup_stm32f103c6ux.o
EXTI2_IRQHandler                                  build/startup_stm32f103c6ux.o
EXTI3_IRQHandler                                  build/startup_stm32f103c6ux.o
EXTI4_IRQHandler                                  build/startup_stm32f103c6ux.o
EXTI9_5_IRQHandler                                build/startup_stm32f103c6ux.o
Error_Handler                                     build/main.o
FLASH_IRQHandler                                  build/startup_stm32f103c6ux.o
FLASH_PageErase                                   build/stm32f1xx_hal_flash_ex.o
                                                  build/stm32f1xx_hal_flash.o
FLASH_WaitForLastOperation                        build/stm32f1xx_hal_flash.o
                                                  build/stm32f1xx_hal_flash_ex.o
HAL_DBGMCU_DisableDBGSleepMode                    build/stm32f1xx_hal.o
HAL_DBGMCU_DisableDBGStandbyMode                  build/stm32f1xx_hal.o
HAL_DBGMCU_DisableDBGStopMode                     build/stm32f1xx_hal.o
HAL_DBGMCU_EnableDBGSleepMode                     build/stm32f1xx_hal.o
HAL_DBGMCU_EnableDBGStandbyMode                   build/stm32f1xx_hal.o
HAL_DBGMCU_EnableDBGStopMode                      build/stm32f1xx_hal.o
HAL_DMA_Abort                                     build/stm32f1xx_hal_dma.o
                                                  build/stm32f1xx_hal_uart.o
HAL_DMA_Abort_IT                                  build/stm32f1xx_hal_dma.o
                                                  build/stm32f1xx_hal_uart.o
                                                  build/stm32f1xx_hal_tim_ex.o
                                                  build/stm32f1xx_hal_tim.o
HAL_DMA_DeInit                                    build/stm32f1xx_hal_dma.o
HAL_DMA_GetError                                  build/stm32f1xx_hal_dma.o
                                                  build/stm32f1xx_hal_uart.o
HAL_DMA_GetState                                  build/stm32f1xx_hal_dma.o
HAL_DMA_IRQHandler                                build/stm32f1xx_hal_dma.o
HAL_DMA_Init                                      build/stm32f1xx_hal_dma.o
HAL_DMA_PollForTransfer                           build/stm32f1xx_hal_dma.o
HAL_DMA_RegisterCallback                          build/stm32f1xx_hal_dma.o
HAL_DMA_Start                                     build/stm32f1xx_hal_dma.o
HAL_DMA_Start_IT                                  build/stm32f1xx_hal_dma.o
                                                  build/stm32f1xx_hal_uart.o
                                                  build/stm32f1xx_hal_tim_ex.o
                                                  build/stm32f1xx_hal_tim.o
HAL_DMA_UnRegisterCallback                        build/stm32f1xx_hal_dma.o
HAL_DeInit                                        build/stm32f1xx_hal.o
HAL_Delay                                         build/stm32f1xx_hal.o
HAL_EXTI_ClearConfigLine                          build/stm32f1xx_hal_exti.o
HAL_EXTI_ClearPending                             build/stm32f1xx_hal_exti.o
HAL_EXTI_GenerateSWI                              build/stm32f1xx_hal_exti.o
HAL_EXTI_GetConfigLine                            build/stm32f1xx_hal_exti.o
HAL_EXTI_GetHandle                                build/stm32f1xx_hal_exti.o
HAL_EXTI_GetPending                               build/stm32f1xx_hal_exti.o
HAL_EXTI_IRQHandler                               build/stm32f1xx_hal_exti.o
HAL_EXTI_RegisterCallback                         build/stm32f1xx_hal_exti.o
HAL_EXTI_SetConfigLine                            build/stm32f1xx_hal_exti.o
HAL_FLASHEx_Erase                                 build/stm32f1xx_hal_flash_ex.o
HAL_FLASHEx_Erase_IT                              build/stm32f1xx_hal_flash_ex.o
HAL_FLASHEx_OBErase                               build/stm32f1xx_hal_flash_ex.o
HAL_FLASHEx_OBGetConfig                           build/stm32f1xx_hal_flash_ex.o
HAL_FLASHEx_OBGetUserData                         build/stm32f1xx_hal_flash_ex.o
HAL_FLASHEx_OBProgram                             build/stm32f1xx_hal_flash_ex.o
HAL_FLASH_EndOfOperationCallback                  build/stm32f1xx_hal_flash.o
HAL_FLASH_GetError                                build/stm32f1xx_hal_flash.o
HAL_FLASH_IRQHandler                              build/stm32f1xx_hal_flash.o
HAL_FLASH_Lock                                    build/stm32f1xx_hal_flash.o
HAL_FLASH_OB_Launch                               build/stm32f1xx_hal_flash.o
HAL_FLASH_OB_Lock                                 build/stm32f1xx_hal_flash.o
HAL_FLASH_OB_Unlock                               build/stm32f1xx_hal_flash.o
HAL_FLASH_OperationErrorCallback                  build/stm32f1xx_hal_flash.o
HAL_FLASH_Program                                 build/stm32f1xx_hal_flash.o
HAL_FLASH_Program_IT                              build/stm32f1xx_hal_flash.o
HAL_FLASH_Unlock                                  build/stm32f1xx_hal_flash.o
HAL_GPIOEx_ConfigEventout                         build/stm32f1xx_hal_gpio_ex.o
HAL_GPIOEx_DisableEventout                        build/stm32f1xx_hal_gpio_ex.o
HAL_GPIOEx_EnableEventout                         build/stm32f1xx_hal_gpio_ex.o
HAL_GPIO_DeInit                                   build/stm32f1xx_hal_gpio.o
                                                  build/stm32f1xx_hal_msp.o
HAL_GPIO_EXTI_Callback                            build/stm32f1xx_hal_gpio.o
HAL_GPIO_EXTI_IRQHandler                          build/stm32f1xx_hal_gpio.o
HAL_GPIO_Init                                     build/stm32f1xx_hal_gpio.o
                                                  build/stm32f1xx_hal_rcc.o
                                                  build/stm32f1xx_hal_msp.o
                                                  build/main.o
HAL_GPIO_LockPin                                  build/stm32f1xx_hal_gpio.o
HAL_GPIO_ReadPin                                  build/stm32f1xx_hal_gpio.o
                                                  build/button.o
HAL_GPIO_TogglePin                                build/stm32f1xx_hal_gpio.o
                                                  build/main.o
                                                  build/button.o
HAL_GPIO_WritePin                                 build/stm32f1xx_hal_gpio.o
                                                  build/main.o
HAL_GetDEVID                                      build/stm32f1xx_hal.o
HAL_GetHalVersion                                 build/stm32f1xx_hal.o
HAL_GetREVID                                      build/stm32f1xx_hal.o
HAL_GetTick                                       build/stm32f1xx_hal.o
                                                  build/stm32f1xx_hal_uart.o
                                                  build/stm32f1xx_hal_rcc_ex.o
                                                  build/stm32f1xx_hal_rcc.o
                                                  build/stm32f1xx_hal_flash.o
                                                  build/stm32f1xx_hal_dma.o
HAL_GetTickFreq                                   build/stm32f1xx_hal.o
HAL_GetTickPrio                                   build/stm32f1xx_hal.o
HAL_GetUIDw0                                      build/stm32f1xx_hal.o
HAL_GetUIDw1                                      build/stm32f1xx_hal.o
HAL_GetUIDw2                                      build/stm32f1xx_hal.o
HAL_HalfDuplex_EnableReceiver                     build/stm32f1xx_hal_uart.o
HAL_HalfDuplex_EnableTransmitter                  build/stm32f1xx_hal_uart.o
HAL_HalfDuplex_Init                               build/stm32f1xx_hal_uart.o
HAL_IncTick                                       build/stm32f1xx_hal.o
                                                  build/stm32f1xx_it.o
HAL_Init                                          build/stm32f1xx_hal.o
                                                  build/main.o
HAL_InitTick                                      build/stm32f1xx_hal.o
                                                  build/stm32f1xx_hal_rcc.o
HAL_LIN_Init                                      build/stm32f1xx_hal_uart.o
HAL_LIN_SendBreak                                 build/stm32f1xx_hal_uart.o
HAL_MspDeInit                                     build/stm32f1xx_hal.o
HAL_MspInit                                       build/stm32f1xx_hal_msp.o
HAL_MultiProcessor_EnterMuteMode                  build/stm32f1xx_hal_uart.o
HAL_MultiProcessor_ExitMuteMode                   build/stm32f1xx_hal_uart.o
HAL_MultiProcessor_Init                           build/stm32f1xx_hal_uart.o
HAL_NVIC_ClearPendingIRQ                          build/stm32f1xx_hal_cortex.o
HAL_NVIC_DisableIRQ                               build/stm32f1xx_hal_cortex.o
                                                  build/stm32f1xx_hal_msp.o
HAL_NVIC_EnableIRQ                                build/stm32f1xx_hal_cortex.o
                                                  build/stm32f1xx_hal_msp.o
HAL_NVIC_GetActive                                build/stm32f1xx_hal_cortex.o
HAL_NVIC_GetPendingIRQ                            build/stm32f1xx_hal_cortex.o
HAL_NVIC_GetPriority                              build/stm32f1xx_hal_cortex.o
HAL_NVIC_GetPriorityGrouping                      build/stm32f1xx_hal_cortex.o
HAL_NVIC_SetPendingIRQ                            build/stm32f1xx_hal_cortex.o
HAL_NVIC_SetPriority                              build/stm32f1xx_hal_cortex.o
                                                  build/stm32f1xx_hal.o
                                                  build/stm32f1xx_hal_msp.o
HAL_NVIC_SetPriorityGrouping                      build/stm32f1xx_hal_cortex.o
                                                  build/stm32f1xx_hal.o
HAL_NVIC_SystemReset                              build/stm32f1xx_hal_cortex.o
                                                  build/stm32f1xx_hal_flash.o
HAL_PWR_ConfigPVD                                 build/stm32f1xx_hal_pwr.o
HAL_PWR_DeInit                                    build/stm32f1xx_hal_pwr.o
HAL_PWR_DisableBkUpAccess                         build/stm32f1xx_hal_pwr.o
HAL_PWR_DisablePVD                                build/stm32f1xx_hal_pwr.o
HAL_PWR_DisableSEVOnPend                          build/stm32f1xx_hal_pwr.o
HAL_PWR_DisableSleepOnExit                        build/stm32f1xx_hal_pwr.o
HAL_PWR_DisableWakeUpPin                          build/stm32f1xx_hal_pwr.o
HAL_PWR_EnableBkUpAccess                          build/stm32f1xx_hal_pwr.o
HAL_PWR_EnablePVD                                 build/stm32f1xx_hal_pwr.o
HAL_PWR_EnableSEVOnPend                           build/stm32f1xx_hal_pwr.o
HAL_PWR_EnableSleepOnExit                         build/stm32f1xx_hal_pwr.o
HAL_PWR_EnableWakeUpPin                           build/stm32f1xx_hal_pwr.o
HAL_PWR_EnterSLEEPMode                            build/stm32f1xx_hal_pwr.o
HAL_PWR_EnterSTANDBYMode                          build/stm32f1xx_hal_pwr.o
HAL_PWR_EnterSTOPMode                             build/stm32f1xx_hal_pwr.o
HAL_PWR_PVDCallback                               build/stm32f1xx_hal_pwr.o
HAL_PWR_PVD_IRQHandler                            build/stm32f1xx_hal_pwr.o
HAL_RCCEx_GetPeriphCLKConfig                      build/stm32f1xx_hal_rcc_ex.o
HAL_RCCEx_GetPeriphCLKFreq                        build/stm32f1xx_hal_rcc_ex.o
HAL_RCCEx_PeriphCLKConfig                         build/stm32f1xx_hal_rcc_ex.o
HAL_RCC_CSSCallback                               build/stm32f1xx_hal_rcc.o
HAL_RCC_ClockConfig                               build/stm32f1xx_hal_rcc.o
                                                  build/main.o
HAL_RCC_DeInit                                    build/stm32f1xx_hal_rcc.o
HAL_RCC_DisableCSS                                build/stm32f1xx_hal_rcc.o
HAL_RCC_EnableCSS                                 build/stm32f1xx_hal_rcc.o
HAL_RCC_GetClockConfig                            build/stm32f1xx_hal_rcc.o
HAL_RCC_GetHCLKFreq                               build/stm32f1xx_hal_rcc.o
HAL_RCC_GetOscConfig                              build/stm32f1xx_hal_rcc.o
HAL_RCC_GetPCLK1Freq                              build/stm32f1xx_hal_rcc.o
                                                  build/stm32f1xx_hal_uart.o
HAL_RCC_GetPCLK2Freq                              build/stm32f1xx_hal_rcc.o
                                                  build/stm32f1xx_hal_uart.o
                                                  build/stm32f1xx_hal_rcc_ex.o
HAL_RCC_GetSysClockFreq                           build/stm32f1xx_hal_rcc.o
HAL_RCC_MCOConfig                                 build/stm32f1xx_hal_rcc.o
HAL_RCC_NMI_IRQHandler                            build/stm32f1xx_hal_rcc.o
HAL_RCC_OscConfig                                 build/stm32f1xx_hal_rcc.o
                                                  build/main.o
HAL_ResumeTick                                    build/stm32f1xx_hal.o
HAL_SYSTICK_CLKSourceConfig                       build/stm32f1xx_hal_cortex.o
HAL_SYSTICK_Callback                              build/stm32f1xx_hal_cortex.o
HAL_SYSTICK_Config                                build/stm32f1xx_hal_cortex.o
                                                  build/stm32f1xx_hal.o
HAL_SYSTICK_IRQHandler                            build/stm32f1xx_hal_cortex.o
HAL_SetTickFreq                                   build/stm32f1xx_hal.o
HAL_SuspendTick                                   build/stm32f1xx_hal.o
HAL_TIMEx_BreakCallback                           build/stm32f1xx_hal_tim_ex.o
                                                  build/stm32f1xx_hal_tim.o
HAL_TIMEx_CommutCallback                          build/stm32f1xx_hal_tim_ex.o
                                                  build/stm32f1xx_hal_tim.o
HAL_TIMEx_CommutHalfCpltCallback                  build/stm32f1xx_hal_tim_ex.o
HAL_TIMEx_ConfigBreakDeadTime                     build/stm32f1xx_hal_tim_ex.o
HAL_TIMEx_ConfigCommutEvent                       build/stm32f1xx_hal_tim_ex.o
HAL_TIMEx_ConfigCommutEvent_DMA                   build/stm32f1xx_hal_tim_ex.o
HAL_TIMEx_ConfigCommutEvent_IT                    build/stm32f1xx_hal_tim_ex.o
HAL_TIMEx_GetChannelNState                        build/stm32f1xx_hal_tim_ex.o
HAL_TIMEx_HallSensor_DeInit                       build/stm32f1xx_hal_tim_ex.o
HAL_TIMEx_HallSensor_GetState                     build/stm32f1xx_hal_tim_ex.o
HAL_TIMEx_HallSensor_Init                         build/stm32f1xx_hal_tim_ex.o
HAL_TIMEx_HallSensor_MspDeInit                    build/stm32f1xx_hal_tim_ex.o
HAL_TIMEx_HallSensor_MspInit                      build/stm32f1xx_hal_tim_ex.o
HAL_TIMEx_HallSensor_Start                        build/stm32f1xx_hal_tim_ex.o
HAL_TIMEx_HallSensor_Start_DMA                    build/stm32f1xx_hal_tim_ex.o
HAL_TIMEx_HallSensor_Start_IT                     build/stm32f1xx_hal_tim_ex.o
HAL_TIMEx_HallSensor_Stop                         build/stm32f1xx_hal_tim_ex.o
HAL_TIMEx_HallSensor_Stop_DMA                     build/stm32f1xx_hal_tim_ex.o
HAL_TIMEx_HallSensor_Stop_IT                      build/stm32f1xx_hal_tim_ex.o
HAL_TIMEx_MasterConfigSynchronization             build/stm32f1xx_hal_tim_ex.o
                                                  build/main.o
HAL_TIMEx_OCN_Start                               build/stm32f1xx_hal_tim_ex.o
HAL_TIMEx_OCN_Start_DMA                           build/stm32f1xx_hal_tim_ex.o
HAL_TIMEx_OCN_Start_IT                            build/stm32f1xx_hal_tim_ex.o
HAL_TIMEx_OCN_Stop                                build/stm32f1xx_hal_tim_ex.o
HAL_TIMEx_OCN_Stop_DMA                            build/stm32f1xx_hal_tim_ex.o
HAL_TIMEx_OCN_Stop_IT                             build/stm32f1xx_hal_tim_ex.o
HAL_TIMEx_OnePulseN_Start                         build/stm32f1xx_hal_tim_ex.o
HAL_TIMEx_OnePulseN_Start_IT                      build/stm32f1xx_hal_tim_ex.o
HAL_TIMEx_OnePulseN_Stop                          build/stm32f1xx_hal_tim_ex.o
HAL_TIMEx_OnePulseN_Stop_IT                       build/stm32f1xx_hal_tim_ex.o
HAL_TIMEx_PWMN_Start                              build/stm32f1xx_hal_tim_ex.o
HAL_TIMEx_PWMN_Start_DMA                          build/stm32f1xx_hal_tim_ex.o
HAL_TIMEx_PWMN_Start_IT                           build/stm32f1xx_hal_tim_ex.o
HAL_TIMEx_PWMN_Stop                               build/stm32f1xx_hal_tim_ex.o
HAL_TIMEx_PWMN_Stop_DMA                           build/stm32f1xx_hal_tim_ex.o
HAL_TIMEx_PWMN_Stop_IT                            build/stm32f1xx_hal_tim_ex.o
HAL_TIMEx_RemapConfig                             build/stm32f1xx_hal_tim_ex.o
HAL_TIM_Base_DeInit                               build/stm32f1xx_hal_tim.o
HAL_TIM_Base_GetState                             build/stm32f1xx_hal_tim.o
HAL_TIM_Base_Init                                 build/stm32f1xx_hal_tim.o
                                                  build/main.o
HAL_TIM_Base_MspDeInit                            build/stm32f1xx_hal_msp.o
HAL_TIM_Base_MspInit                              build/stm32f1xx_hal_msp.o
HAL_TIM_Base_Start                                build/stm32f1xx_hal_tim.o
HAL_TIM_Base_Start_DMA                            build/stm32f1xx_hal_tim.o
HAL_TIM_Base_Start_IT                             build/stm32f1xx_hal_tim.o
                                                  build/main.o
HAL_TIM_Base_Stop                                 build/stm32f1xx_hal_tim.o
HAL_TIM_Base_Stop_DMA                             build/stm32f1xx_hal_tim.o
HAL_TIM_Base_Stop_IT                              build/stm32f1xx_hal_tim.o
HAL_TIM_ConfigClockSource                         build/stm32f1xx_hal_tim.o
                                                  build/main.o
HAL_TIM_ConfigOCrefClear                          build/stm32f1xx_hal_tim.o
HAL_TIM_ConfigTI1Input                            build/stm32f1xx_hal_tim.o
HAL_TIM_DMABurstState                             build/stm32f1xx_hal_tim.o
HAL_TIM_DMABurst_MultiReadStart                   build/stm32f1xx_hal_tim.o
HAL_TIM_DMABurst_MultiWriteStart                  build/stm32f1xx_hal_tim.o
HAL_TIM_DMABurst_ReadStart                        build/stm32f1xx_hal_tim.o
HAL_TIM_DMABurst_ReadStop                         build/stm32f1xx_hal_tim.o
HAL_TIM_DMABurst_WriteStart                       build/stm32f1xx_hal_tim.o
HAL_TIM_DMABurst_WriteStop                        build/stm32f1xx_hal_tim.o
HAL_TIM_Encoder_DeInit                            build/stm32f1xx_hal_tim.o
HAL_TIM_Encoder_GetState                          build/stm32f1xx_hal_tim.o
HAL_TIM_Encoder_Init                              build/stm32f1xx_hal_tim.o
HAL_TIM_Encoder_MspDeInit                         build/stm32f1xx_hal_tim.o
HAL_TIM_Encoder_MspInit                           build/stm32f1xx_hal_tim.o
HAL_TIM_Encoder_Start                             build/stm32f1xx_hal_tim.o
HAL_TIM_Encoder_Start_DMA                         build/stm32f1xx_hal_tim.o
HAL_TIM_Encoder_Start_IT                          build/stm32f1xx_hal_tim.o
HAL_TIM_Encoder_Stop                              build/stm32f1xx_hal_tim.o
HAL_TIM_Encoder_Stop_DMA                          build/stm32f1xx_hal_tim.o
HAL_TIM_Encoder_Stop_IT                           build/stm32f1xx_hal_tim.o
HAL_TIM_ErrorCallback                             build/stm32f1xx_hal_tim.o
                                                  build/stm32f1xx_hal_tim_ex.o
HAL_TIM_GenerateEvent                             build/stm32f1xx_hal_tim.o
HAL_TIM_GetActiveChannel                          build/stm32f1xx_hal_tim.o
HAL_TIM_GetChannelState                           build/stm32f1xx_hal_tim.o
HAL_TIM_IC_CaptureCallback                        build/stm32f1xx_hal_tim.o
HAL_TIM_IC_CaptureHalfCpltCallback                build/stm32f1xx_hal_tim.o
HAL_TIM_IC_ConfigChannel                          build/stm32f1xx_hal_tim.o
HAL_TIM_IC_DeInit                                 build/stm32f1xx_hal_tim.o
HAL_TIM_IC_GetState                               build/stm32f1xx_hal_tim.o
HAL_TIM_IC_Init                                   build/stm32f1xx_hal_tim.o
HAL_TIM_IC_MspDeInit                              build/stm32f1xx_hal_tim.o
HAL_TIM_IC_MspInit                                build/stm32f1xx_hal_tim.o
HAL_TIM_IC_Start                                  build/stm32f1xx_hal_tim.o
HAL_TIM_IC_Start_DMA                              build/stm32f1xx_hal_tim.o
HAL_TIM_IC_Start_IT                               build/stm32f1xx_hal_tim.o
HAL_TIM_IC_Stop                                   build/stm32f1xx_hal_tim.o
HAL_TIM_IC_Stop_DMA                               build/stm32f1xx_hal_tim.o
HAL_TIM_IC_Stop_IT                                build/stm32f1xx_hal_tim.o
HAL_TIM_IRQHandler                                build/stm32f1xx_hal_tim.o